[0.150s] DEBUG:colcon:Command line arguments: ['/usr/bin/colcon', 'build', '--packages-select', 'uwaba_prototype_testes', '--symlink-install']
[0.150s] DEBUG:colcon:Parsed command line arguments: Namespace(log_base=None, log_level=None, verb_name='build', build_base='build', install_base='install', merge_install=False, symlink_install=True, test_result_base=None, continue_on_error=False, executor='parallel', parallel_workers=4, event_handlers=None, ignore_user_meta=False, metas=['./colcon.meta'], base_paths=['.'], packages_ignore=None, packages_ignore_regex=None, paths=None, packages_up_to=None, packages_up_to_regex=None, packages_above=None, packages_above_and_dependencies=None, packages_above_depth=None, packages_select_by_dep=None, packages_skip_by_dep=None, packages_skip_up_to=None, packages_select_build_failed=False, packages_skip_build_finished=False, packages_select_test_failures=False, packages_skip_test_passed=False, packages_select=['uwaba_prototype_testes'], packages_skip=None, packages_select_regex=None, packages_skip_regex=None, packages_start=None, packages_end=None, allow_overriding=[], cmake_args=None, cmake_target=None, cmake_target_skip_unavailable=False, cmake_clean_cache=False, cmake_clean_first=False, cmake_force_configure=False, ament_cmake_args=None, catkin_cmake_args=None, catkin_skip_building_tests=False, verb_parser=<colcon_defaults.argument_parser.defaults.DefaultArgumentsDecorator object at 0x7fc6c3cd8790>, verb_extension=<colcon_core.verb.build.BuildVerb object at 0x7fc6c3dc93f0>, main=<bound method BuildVerb.main of <colcon_core.verb.build.BuildVerb object at 0x7fc6c3dc93f0>>)
[0.412s] Level 1:colcon.colcon_core.package_discovery:discover_packages(colcon_meta) check parameters
[0.412s] Level 1:colcon.colcon_core.package_discovery:discover_packages(recursive) check parameters
[0.412s] Level 1:colcon.colcon_core.package_discovery:discover_packages(ignore) check parameters
[0.412s] Level 1:colcon.colcon_core.package_discovery:discover_packages(path) check parameters
[0.412s] Level 1:colcon.colcon_core.package_discovery:discover_packages(colcon_meta) discover
[0.412s] Level 1:colcon.colcon_core.package_discovery:discover_packages(recursive) discover
[0.412s] INFO:colcon.colcon_core.package_discovery:Crawling recursively for packages in '/home/frantches/ros2-uwaba-prototype/packages'
[0.412s] Level 1:colcon.colcon_core.package_identification:_identify(.) by extensions ['ignore', 'ignore_ament_install']
[0.413s] Level 1:colcon.colcon_core.package_identification:_identify(.) by extension 'ignore'
[0.413s] Level 1:colcon.colcon_core.package_identification:_identify(.) by extension 'ignore_ament_install'
[0.413s] Level 1:colcon.colcon_core.package_identification:_identify(.) by extensions ['colcon_pkg']
[0.413s] Level 1:colcon.colcon_core.package_identification:_identify(.) by extension 'colcon_pkg'
[0.413s] Level 1:colcon.colcon_core.package_identification:_identify(.) by extensions ['colcon_meta']
[0.413s] Level 1:colcon.colcon_core.package_identification:_identify(.) by extension 'colcon_meta'
[0.413s] Level 1:colcon.colcon_core.package_identification:_identify(.) by extensions ['ros']
[0.413s] Level 1:colcon.colcon_core.package_identification:_identify(.) by extension 'ros'
[0.428s] Level 1:colcon.colcon_core.package_identification:_identify(.) by extensions ['cmake', 'python']
[0.428s] Level 1:colcon.colcon_core.package_identification:_identify(.) by extension 'cmake'
[0.429s] Level 1:colcon.colcon_core.package_identification:_identify(.) by extension 'python'
[0.429s] Level 1:colcon.colcon_core.package_identification:_identify(.) by extensions ['python_setup_py']
[0.429s] Level 1:colcon.colcon_core.package_identification:_identify(.) by extension 'python_setup_py'
[0.429s] Level 1:colcon.colcon_core.package_identification:_identify(build) by extensions ['ignore', 'ignore_ament_install']
[0.429s] Level 1:colcon.colcon_core.package_identification:_identify(build) by extension 'ignore'
[0.429s] Level 1:colcon.colcon_core.package_identification:_identify(build) ignored
[0.429s] Level 1:colcon.colcon_core.package_identification:_identify(install) by extensions ['ignore', 'ignore_ament_install']
[0.429s] Level 1:colcon.colcon_core.package_identification:_identify(install) by extension 'ignore'
[0.430s] Level 1:colcon.colcon_core.package_identification:_identify(install) ignored
[0.430s] Level 1:colcon.colcon_core.package_identification:_identify(log) by extensions ['ignore', 'ignore_ament_install']
[0.430s] Level 1:colcon.colcon_core.package_identification:_identify(log) by extension 'ignore'
[0.430s] Level 1:colcon.colcon_core.package_identification:_identify(log) ignored
[0.430s] Level 1:colcon.colcon_core.package_identification:_identify(src) by extensions ['ignore', 'ignore_ament_install']
[0.430s] Level 1:colcon.colcon_core.package_identification:_identify(src) by extension 'ignore'
[0.430s] Level 1:colcon.colcon_core.package_identification:_identify(src) by extension 'ignore_ament_install'
[0.430s] Level 1:colcon.colcon_core.package_identification:_identify(src) by extensions ['colcon_pkg']
[0.430s] Level 1:colcon.colcon_core.package_identification:_identify(src) by extension 'colcon_pkg'
[0.430s] Level 1:colcon.colcon_core.package_identification:_identify(src) by extensions ['colcon_meta']
[0.431s] Level 1:colcon.colcon_core.package_identification:_identify(src) by extension 'colcon_meta'
[0.431s] Level 1:colcon.colcon_core.package_identification:_identify(src) by extensions ['ros']
[0.431s] Level 1:colcon.colcon_core.package_identification:_identify(src) by extension 'ros'
[0.431s] Level 1:colcon.colcon_core.package_identification:_identify(src) by extensions ['cmake', 'python']
[0.431s] Level 1:colcon.colcon_core.package_identification:_identify(src) by extension 'cmake'
[0.431s] Level 1:colcon.colcon_core.package_identification:_identify(src) by extension 'python'
[0.431s] Level 1:colcon.colcon_core.package_identification:_identify(src) by extensions ['python_setup_py']
[0.431s] Level 1:colcon.colcon_core.package_identification:_identify(src) by extension 'python_setup_py'
[0.431s] Level 1:colcon.colcon_core.package_identification:_identify(src/uwaba_prototype_description) by extensions ['ignore', 'ignore_ament_install']
[0.431s] Level 1:colcon.colcon_core.package_identification:_identify(src/uwaba_prototype_description) by extension 'ignore'
[0.431s] Level 1:colcon.colcon_core.package_identification:_identify(src/uwaba_prototype_description) by extension 'ignore_ament_install'
[0.432s] Level 1:colcon.colcon_core.package_identification:_identify(src/uwaba_prototype_description) by extensions ['colcon_pkg']
[0.432s] Level 1:colcon.colcon_core.package_identification:_identify(src/uwaba_prototype_description) by extension 'colcon_pkg'
[0.432s] Level 1:colcon.colcon_core.package_identification:_identify(src/uwaba_prototype_description) by extensions ['colcon_meta']
[0.432s] Level 1:colcon.colcon_core.package_identification:_identify(src/uwaba_prototype_description) by extension 'colcon_meta'
[0.432s] Level 1:colcon.colcon_core.package_identification:_identify(src/uwaba_prototype_description) by extensions ['ros']
[0.432s] Level 1:colcon.colcon_core.package_identification:_identify(src/uwaba_prototype_description) by extension 'ros'
[0.435s] DEBUG:colcon.colcon_core.package_identification:Package 'src/uwaba_prototype_description' with type 'ros.ament_cmake' and name 'uwaba_prototype_description'
[0.435s] Level 1:colcon.colcon_core.package_identification:_identify(src/uwaba_prototype_testes) by extensions ['ignore', 'ignore_ament_install']
[0.435s] Level 1:colcon.colcon_core.package_identification:_identify(src/uwaba_prototype_testes) by extension 'ignore'
[0.435s] Level 1:colcon.colcon_core.package_identification:_identify(src/uwaba_prototype_testes) by extension 'ignore_ament_install'
[0.436s] Level 1:colcon.colcon_core.package_identification:_identify(src/uwaba_prototype_testes) by extensions ['colcon_pkg']
[0.436s] Level 1:colcon.colcon_core.package_identification:_identify(src/uwaba_prototype_testes) by extension 'colcon_pkg'
[0.436s] Level 1:colcon.colcon_core.package_identification:_identify(src/uwaba_prototype_testes) by extensions ['colcon_meta']
[0.436s] Level 1:colcon.colcon_core.package_identification:_identify(src/uwaba_prototype_testes) by extension 'colcon_meta'
[0.436s] Level 1:colcon.colcon_core.package_identification:_identify(src/uwaba_prototype_testes) by extensions ['ros']
[0.436s] Level 1:colcon.colcon_core.package_identification:_identify(src/uwaba_prototype_testes) by extension 'ros'
[0.437s] DEBUG:colcon.colcon_core.package_identification:Package 'src/uwaba_prototype_testes' with type 'ros.ament_python' and name 'uwaba_prototype_testes'
[0.437s] Level 1:colcon.colcon_core.package_discovery:discover_packages(recursive) using defaults
[0.437s] Level 1:colcon.colcon_core.package_discovery:discover_packages(ignore) discover
[0.437s] Level 1:colcon.colcon_core.package_discovery:discover_packages(ignore) using defaults
[0.437s] Level 1:colcon.colcon_core.package_discovery:discover_packages(path) discover
[0.437s] Level 1:colcon.colcon_core.package_discovery:discover_packages(path) using defaults
[0.465s] INFO:colcon.colcon_core.package_selection:Skipping not selected package 'uwaba_prototype_description' in 'src/uwaba_prototype_description'
[0.465s] Level 1:colcon.colcon_core.package_discovery:discover_packages(prefix_path) check parameters
[0.465s] Level 1:colcon.colcon_core.package_discovery:discover_packages(prefix_path) discover
[0.468s] DEBUG:colcon.colcon_installed_package_information.package_discovery:Found 1 installed packages in /home/frantches/ros2-uwaba-prototype/packages/install
[0.470s] DEBUG:colcon.colcon_installed_package_information.package_discovery:Found 318 installed packages in /opt/ros/humble
[0.485s] Level 1:colcon.colcon_core.package_discovery:discover_packages(prefix_path) using defaults
[0.557s] Level 5:colcon.colcon_core.verb:set package 'uwaba_prototype_testes' build argument 'cmake_args' from command line to 'None'
[0.557s] Level 5:colcon.colcon_core.verb:set package 'uwaba_prototype_testes' build argument 'cmake_target' from command line to 'None'
[0.557s] Level 5:colcon.colcon_core.verb:set package 'uwaba_prototype_testes' build argument 'cmake_target_skip_unavailable' from command line to 'False'
[0.557s] Level 5:colcon.colcon_core.verb:set package 'uwaba_prototype_testes' build argument 'cmake_clean_cache' from command line to 'False'
[0.557s] Level 5:colcon.colcon_core.verb:set package 'uwaba_prototype_testes' build argument 'cmake_clean_first' from command line to 'False'
[0.557s] Level 5:colcon.colcon_core.verb:set package 'uwaba_prototype_testes' build argument 'cmake_force_configure' from command line to 'False'
[0.558s] Level 5:colcon.colcon_core.verb:set package 'uwaba_prototype_testes' build argument 'ament_cmake_args' from command line to 'None'
[0.558s] Level 5:colcon.colcon_core.verb:set package 'uwaba_prototype_testes' build argument 'catkin_cmake_args' from command line to 'None'
[0.558s] Level 5:colcon.colcon_core.verb:set package 'uwaba_prototype_testes' build argument 'catkin_skip_building_tests' from command line to 'False'
[0.558s] DEBUG:colcon.colcon_core.verb:Building package 'uwaba_prototype_testes' with the following arguments: {'ament_cmake_args': None, 'build_base': '/home/frantches/ros2-uwaba-prototype/packages/build/uwaba_prototype_testes', 'catkin_cmake_args': None, 'catkin_skip_building_tests': False, 'cmake_args': None, 'cmake_clean_cache': False, 'cmake_clean_first': False, 'cmake_force_configure': False, 'cmake_target': None, 'cmake_target_skip_unavailable': False, 'install_base': '/home/frantches/ros2-uwaba-prototype/packages/install/uwaba_prototype_testes', 'merge_install': False, 'path': '/home/frantches/ros2-uwaba-prototype/packages/src/uwaba_prototype_testes', 'symlink_install': True, 'test_result_base': None}
[0.558s] INFO:colcon.colcon_core.executor:Executing jobs using 'parallel' executor
[0.559s] DEBUG:colcon.colcon_parallel_executor.executor.parallel:run_until_complete
[0.560s] INFO:colcon.colcon_ros.task.ament_python.build:Building ROS package in '/home/frantches/ros2-uwaba-prototype/packages/src/uwaba_prototype_testes' with build type 'ament_python'
[0.560s] Level 1:colcon.colcon_core.shell:create_environment_hook('uwaba_prototype_testes', 'ament_prefix_path')
[0.563s] INFO:colcon.colcon_core.plugin_system:Skipping extension 'colcon_core.shell.bat': Not used on non-Windows systems
[0.563s] INFO:colcon.colcon_core.shell:Creating environment hook '/home/frantches/ros2-uwaba-prototype/packages/install/uwaba_prototype_testes/share/uwaba_prototype_testes/hook/ament_prefix_path.ps1'
[0.564s] INFO:colcon.colcon_core.shell:Creating environment descriptor '/home/frantches/ros2-uwaba-prototype/packages/install/uwaba_prototype_testes/share/uwaba_prototype_testes/hook/ament_prefix_path.dsv'
[0.565s] INFO:colcon.colcon_core.shell:Creating environment hook '/home/frantches/ros2-uwaba-prototype/packages/install/uwaba_prototype_testes/share/uwaba_prototype_testes/hook/ament_prefix_path.sh'
[0.566s] INFO:colcon.colcon_core.shell:Skip shell extension 'powershell' for command environment: Not usable outside of PowerShell
[0.566s] DEBUG:colcon.colcon_core.shell:Skip shell extension 'dsv' for command environment
[1.119s] INFO:colcon.colcon_core.task.python.build:Building Python package in '/home/frantches/ros2-uwaba-prototype/packages/src/uwaba_prototype_testes'
[1.120s] INFO:colcon.colcon_core.shell:Skip shell extension 'powershell' for command environment: Not usable outside of PowerShell
[1.120s] DEBUG:colcon.colcon_core.shell:Skip shell extension 'dsv' for command environment
[2.183s] DEBUG:colcon.colcon_core.event_handler.log_command:Invoking command in '/home/frantches/ros2-uwaba-prototype/packages/build/uwaba_prototype_testes': PYTHONPATH=/home/frantches/ros2-uwaba-prototype/packages/build/uwaba_prototype_testes/prefix_override:/home/frantches/ros2-uwaba-prototype/packages/install/uwaba_prototype_testes/lib/python3.10/site-packages:${PYTHONPATH} /usr/bin/python3 -W ignore:setup.py install is deprecated setup.py develop --editable --build-directory /home/frantches/ros2-uwaba-prototype/packages/build/uwaba_prototype_testes/build --no-deps symlink_data
[2.923s] Level 1:colcon.colcon_core.shell:create_environment_hook('uwaba_prototype_testes', 'pythonpath_develop')
[2.924s] INFO:colcon.colcon_core.shell:Creating environment hook '/home/frantches/ros2-uwaba-prototype/packages/build/uwaba_prototype_testes/share/uwaba_prototype_testes/hook/pythonpath_develop.ps1'
[2.925s] DEBUG:colcon.colcon_core.event_handler.log_command:Invoked command in '/home/frantches/ros2-uwaba-prototype/packages/build/uwaba_prototype_testes' returned '0': PYTHONPATH=/home/frantches/ros2-uwaba-prototype/packages/build/uwaba_prototype_testes/prefix_override:/home/frantches/ros2-uwaba-prototype/packages/install/uwaba_prototype_testes/lib/python3.10/site-packages:${PYTHONPATH} /usr/bin/python3 -W ignore:setup.py install is deprecated setup.py develop --editable --build-directory /home/frantches/ros2-uwaba-prototype/packages/build/uwaba_prototype_testes/build --no-deps symlink_data
[2.925s] INFO:colcon.colcon_core.shell:Creating environment descriptor '/home/frantches/ros2-uwaba-prototype/packages/build/uwaba_prototype_testes/share/uwaba_prototype_testes/hook/pythonpath_develop.dsv'
[2.926s] INFO:colcon.colcon_core.shell:Creating environment hook '/home/frantches/ros2-uwaba-prototype/packages/build/uwaba_prototype_testes/share/uwaba_prototype_testes/hook/pythonpath_develop.sh'
[2.930s] Level 1:colcon.colcon_core.environment:checking '/home/frantches/ros2-uwaba-prototype/packages/install/uwaba_prototype_testes' for CMake module files
[2.930s] Level 1:colcon.colcon_core.environment:checking '/home/frantches/ros2-uwaba-prototype/packages/install/uwaba_prototype_testes' for CMake config files
[2.931s] Level 1:colcon.colcon_core.environment:checking '/home/frantches/ros2-uwaba-prototype/packages/install/uwaba_prototype_testes/lib'
[2.931s] Level 1:colcon.colcon_core.environment:checking '/home/frantches/ros2-uwaba-prototype/packages/install/uwaba_prototype_testes/bin'
[2.932s] Level 1:colcon.colcon_core.environment:checking '/home/frantches/ros2-uwaba-prototype/packages/install/uwaba_prototype_testes/lib/pkgconfig/uwaba_prototype_testes.pc'
[2.932s] Level 1:colcon.colcon_core.environment:checking '/home/frantches/ros2-uwaba-prototype/packages/install/uwaba_prototype_testes/lib/python3.10/site-packages'
[2.932s] Level 1:colcon.colcon_core.shell:create_environment_hook('uwaba_prototype_testes', 'pythonpath')
[2.932s] INFO:colcon.colcon_core.shell:Creating environment hook '/home/frantches/ros2-uwaba-prototype/packages/install/uwaba_prototype_testes/share/uwaba_prototype_testes/hook/pythonpath.ps1'
[2.933s] INFO:colcon.colcon_core.shell:Creating environment descriptor '/home/frantches/ros2-uwaba-prototype/packages/install/uwaba_prototype_testes/share/uwaba_prototype_testes/hook/pythonpath.dsv'
[2.933s] INFO:colcon.colcon_core.shell:Creating environment hook '/home/frantches/ros2-uwaba-prototype/packages/install/uwaba_prototype_testes/share/uwaba_prototype_testes/hook/pythonpath.sh'
[2.934s] Level 1:colcon.colcon_core.environment:checking '/home/frantches/ros2-uwaba-prototype/packages/install/uwaba_prototype_testes/bin'
[2.934s] Level 1:colcon.colcon_core.environment:create_environment_scripts_only(uwaba_prototype_testes)
[2.935s] INFO:colcon.colcon_core.shell:Creating package script '/home/frantches/ros2-uwaba-prototype/packages/install/uwaba_prototype_testes/share/uwaba_prototype_testes/package.ps1'
[2.936s] INFO:colcon.colcon_core.shell:Creating package descriptor '/home/frantches/ros2-uwaba-prototype/packages/install/uwaba_prototype_testes/share/uwaba_prototype_testes/package.dsv'
[2.937s] INFO:colcon.colcon_core.shell:Creating package script '/home/frantches/ros2-uwaba-prototype/packages/install/uwaba_prototype_testes/share/uwaba_prototype_testes/package.sh'
[2.938s] INFO:colcon.colcon_core.shell:Creating package script '/home/frantches/ros2-uwaba-prototype/packages/install/uwaba_prototype_testes/share/uwaba_prototype_testes/package.bash'
[2.939s] INFO:colcon.colcon_core.shell:Creating package script '/home/frantches/ros2-uwaba-prototype/packages/install/uwaba_prototype_testes/share/uwaba_prototype_testes/package.zsh'
[2.940s] Level 1:colcon.colcon_core.environment:create_file_with_runtime_dependencies(/home/frantches/ros2-uwaba-prototype/packages/install/uwaba_prototype_testes/share/colcon-core/packages/uwaba_prototype_testes)
[2.940s] DEBUG:colcon.colcon_parallel_executor.executor.parallel:closing loop
[2.940s] DEBUG:colcon.colcon_parallel_executor.executor.parallel:loop closed
[2.940s] DEBUG:colcon.colcon_parallel_executor.executor.parallel:run_until_complete finished with '0'
[2.940s] DEBUG:colcon.colcon_core.event_reactor:joining thread
[2.949s] INFO:colcon.colcon_core.plugin_system:Skipping extension 'colcon_notification.desktop_notification.terminal_notifier': Not used on non-Darwin systems
[2.949s] INFO:colcon.colcon_core.plugin_system:Skipping extension 'colcon_notification.desktop_notification.win32': Not used on non-Windows systems
[2.949s] INFO:colcon.colcon_notification.desktop_notification:Sending desktop notification using 'notify2'
[2.972s] DEBUG:colcon.colcon_core.event_reactor:joined thread
[2.972s] INFO:colcon.colcon_core.shell:Creating prefix script '/home/frantches/ros2-uwaba-prototype/packages/install/local_setup.ps1'
[2.974s] INFO:colcon.colcon_core.shell:Creating prefix util module '/home/frantches/ros2-uwaba-prototype/packages/install/_local_setup_util_ps1.py'
[2.976s] INFO:colcon.colcon_core.shell:Creating prefix chain script '/home/frantches/ros2-uwaba-prototype/packages/install/setup.ps1'
[2.978s] INFO:colcon.colcon_core.shell:Creating prefix script '/home/frantches/ros2-uwaba-prototype/packages/install/local_setup.sh'
[2.979s] INFO:colcon.colcon_core.shell:Creating prefix util module '/home/frantches/ros2-uwaba-prototype/packages/install/_local_setup_util_sh.py'
[2.980s] INFO:colcon.colcon_core.shell:Creating prefix chain script '/home/frantches/ros2-uwaba-prototype/packages/install/setup.sh'
[2.981s] INFO:colcon.colcon_core.shell:Creating prefix script '/home/frantches/ros2-uwaba-prototype/packages/install/local_setup.bash'
[2.982s] INFO:colcon.colcon_core.shell:Creating prefix chain script '/home/frantches/ros2-uwaba-prototype/packages/install/setup.bash'
[2.983s] INFO:colcon.colcon_core.shell:Creating prefix script '/home/frantches/ros2-uwaba-prototype/packages/install/local_setup.zsh'
[2.984s] INFO:colcon.colcon_core.shell:Creating prefix chain script '/home/frantches/ros2-uwaba-prototype/packages/install/setup.zsh'
