[0.014s] Invoking command in '/home/frantches/Workspaces/ros2_ws/packages/build/uwaba_prototype_description': CMAKE_PREFIX_PATH=/opt/ros/humble /usr/bin/cmake --build /home/frantches/Workspaces/ros2_ws/packages/build/uwaba_prototype_description -- -j8 -l8
[0.039s] -- Found ament_cmake: 1.3.8 (/opt/ros/humble/share/ament_cmake/cmake)
[0.158s] [31mCMake Error at CMakeLists.txt:10 (find_package):
[0.158s]   By not providing "Findrosidl_deafult_generators.cmake" in CMAKE_MODULE_PATH
[0.158s]   this project has asked CMake to find a package configuration file provided
[0.158s]   by "rosidl_deafult_generators", but CMake did not find one.
[0.158s] 
[0.158s]   Could not find a package configuration file provided by
[0.158s]   "rosidl_deafult_generators" with any of the following names:
[0.158s] 
[0.159s]     rosidl_deafult_generatorsConfig.cmake
[0.159s]     rosidl_deafult_generators-config.cmake
[0.159s] 
[0.159s]   Add the installation prefix of "rosidl_deafult_generators" to
[0.159s]   CMAKE_PREFIX_PATH or set "rosidl_deafult_generators_DIR" to a directory
[0.159s]   containing one of the above files.  If "rosidl_deafult_generators" provides
[0.159s]   a separate development package or SDK, be sure it has been installed.
[0.159s] 
[0.159s] [0m
[0.159s] -- Configuring incomplete, errors occurred!
[0.159s] See also "/home/frantches/Workspaces/ros2_ws/packages/build/uwaba_prototype_description/CMakeFiles/CMakeOutput.log".
[0.160s] gmake: *** [Makefile:226: cmake_check_build_system] Error 1
[0.161s] Invoked command in '/home/frantches/Workspaces/ros2_ws/packages/build/uwaba_prototype_description' returned '2': CMAKE_PREFIX_PATH=/opt/ros/humble /usr/bin/cmake --build /home/frantches/Workspaces/ros2_ws/packages/build/uwaba_prototype_description -- -j8 -l8
