[0.151s] DEBUG:colcon:Command line arguments: ['/usr/bin/colcon', 'build', '--packages-select', 'uwaba_prototype_description']
[0.151s] DEBUG:colcon:Parsed command line arguments: Namespace(log_base=None, log_level=None, verb_name='build', build_base='build', install_base='install', merge_install=False, symlink_install=False, test_result_base=None, continue_on_error=False, executor='parallel', parallel_workers=4, event_handlers=None, ignore_user_meta=False, metas=['./colcon.meta'], base_paths=['.'], packages_ignore=None, packages_ignore_regex=None, paths=None, packages_up_to=None, packages_up_to_regex=None, packages_above=None, packages_above_and_dependencies=None, packages_above_depth=None, packages_select_by_dep=None, packages_skip_by_dep=None, packages_skip_up_to=None, packages_select_build_failed=False, packages_skip_build_finished=False, packages_select_test_failures=False, packages_skip_test_passed=False, packages_select=['uwaba_prototype_description'], packages_skip=None, packages_select_regex=None, packages_skip_regex=None, packages_start=None, packages_end=None, allow_overriding=[], cmake_args=None, cmake_target=None, cmake_target_skip_unavailable=False, cmake_clean_cache=False, cmake_clean_first=False, cmake_force_configure=False, ament_cmake_args=None, catkin_cmake_args=None, catkin_skip_building_tests=False, verb_parser=<colcon_defaults.argument_parser.defaults.DefaultArgumentsDecorator object at 0x7cbab1be8790>, verb_extension=<colcon_core.verb.build.BuildVerb object at 0x7cbab1cd93f0>, main=<bound method BuildVerb.main of <colcon_core.verb.build.BuildVerb object at 0x7cbab1cd93f0>>)
[0.416s] Level 1:colcon.colcon_core.package_discovery:discover_packages(colcon_meta) check parameters
[0.416s] Level 1:colcon.colcon_core.package_discovery:discover_packages(recursive) check parameters
[0.416s] Level 1:colcon.colcon_core.package_discovery:discover_packages(ignore) check parameters
[0.416s] Level 1:colcon.colcon_core.package_discovery:discover_packages(path) check parameters
[0.416s] Level 1:colcon.colcon_core.package_discovery:discover_packages(colcon_meta) discover
[0.416s] Level 1:colcon.colcon_core.package_discovery:discover_packages(recursive) discover
[0.416s] INFO:colcon.colcon_core.package_discovery:Crawling recursively for packages in '/home/frantches/ros2-uwaba-prototype/packages'
[0.416s] Level 1:colcon.colcon_core.package_identification:_identify(.) by extensions ['ignore', 'ignore_ament_install']
[0.417s] Level 1:colcon.colcon_core.package_identification:_identify(.) by extension 'ignore'
[0.417s] Level 1:colcon.colcon_core.package_identification:_identify(.) by extension 'ignore_ament_install'
[0.417s] Level 1:colcon.colcon_core.package_identification:_identify(.) by extensions ['colcon_pkg']
[0.417s] Level 1:colcon.colcon_core.package_identification:_identify(.) by extension 'colcon_pkg'
[0.417s] Level 1:colcon.colcon_core.package_identification:_identify(.) by extensions ['colcon_meta']
[0.417s] Level 1:colcon.colcon_core.package_identification:_identify(.) by extension 'colcon_meta'
[0.417s] Level 1:colcon.colcon_core.package_identification:_identify(.) by extensions ['ros']
[0.417s] Level 1:colcon.colcon_core.package_identification:_identify(.) by extension 'ros'
[0.432s] Level 1:colcon.colcon_core.package_identification:_identify(.) by extensions ['cmake', 'python']
[0.433s] Level 1:colcon.colcon_core.package_identification:_identify(.) by extension 'cmake'
[0.433s] Level 1:colcon.colcon_core.package_identification:_identify(.) by extension 'python'
[0.433s] Level 1:colcon.colcon_core.package_identification:_identify(.) by extensions ['python_setup_py']
[0.433s] Level 1:colcon.colcon_core.package_identification:_identify(.) by extension 'python_setup_py'
[0.433s] Level 1:colcon.colcon_core.package_identification:_identify(build) by extensions ['ignore', 'ignore_ament_install']
[0.433s] Level 1:colcon.colcon_core.package_identification:_identify(build) by extension 'ignore'
[0.433s] Level 1:colcon.colcon_core.package_identification:_identify(build) ignored
[0.433s] Level 1:colcon.colcon_core.package_identification:_identify(install) by extensions ['ignore', 'ignore_ament_install']
[0.433s] Level 1:colcon.colcon_core.package_identification:_identify(install) by extension 'ignore'
[0.434s] Level 1:colcon.colcon_core.package_identification:_identify(install) ignored
[0.434s] Level 1:colcon.colcon_core.package_identification:_identify(log) by extensions ['ignore', 'ignore_ament_install']
[0.434s] Level 1:colcon.colcon_core.package_identification:_identify(log) by extension 'ignore'
[0.434s] Level 1:colcon.colcon_core.package_identification:_identify(log) ignored
[0.434s] Level 1:colcon.colcon_core.package_identification:_identify(src) by extensions ['ignore', 'ignore_ament_install']
[0.434s] Level 1:colcon.colcon_core.package_identification:_identify(src) by extension 'ignore'
[0.434s] Level 1:colcon.colcon_core.package_identification:_identify(src) by extension 'ignore_ament_install'
[0.434s] Level 1:colcon.colcon_core.package_identification:_identify(src) by extensions ['colcon_pkg']
[0.434s] Level 1:colcon.colcon_core.package_identification:_identify(src) by extension 'colcon_pkg'
[0.434s] Level 1:colcon.colcon_core.package_identification:_identify(src) by extensions ['colcon_meta']
[0.435s] Level 1:colcon.colcon_core.package_identification:_identify(src) by extension 'colcon_meta'
[0.435s] Level 1:colcon.colcon_core.package_identification:_identify(src) by extensions ['ros']
[0.435s] Level 1:colcon.colcon_core.package_identification:_identify(src) by extension 'ros'
[0.435s] Level 1:colcon.colcon_core.package_identification:_identify(src) by extensions ['cmake', 'python']
[0.435s] Level 1:colcon.colcon_core.package_identification:_identify(src) by extension 'cmake'
[0.435s] Level 1:colcon.colcon_core.package_identification:_identify(src) by extension 'python'
[0.435s] Level 1:colcon.colcon_core.package_identification:_identify(src) by extensions ['python_setup_py']
[0.435s] Level 1:colcon.colcon_core.package_identification:_identify(src) by extension 'python_setup_py'
[0.435s] Level 1:colcon.colcon_core.package_identification:_identify(src/uwaba_prototype_bringup) by extensions ['ignore', 'ignore_ament_install']
[0.435s] Level 1:colcon.colcon_core.package_identification:_identify(src/uwaba_prototype_bringup) by extension 'ignore'
[0.435s] Level 1:colcon.colcon_core.package_identification:_identify(src/uwaba_prototype_bringup) by extension 'ignore_ament_install'
[0.436s] Level 1:colcon.colcon_core.package_identification:_identify(src/uwaba_prototype_bringup) by extensions ['colcon_pkg']
[0.436s] Level 1:colcon.colcon_core.package_identification:_identify(src/uwaba_prototype_bringup) by extension 'colcon_pkg'
[0.436s] Level 1:colcon.colcon_core.package_identification:_identify(src/uwaba_prototype_bringup) by extensions ['colcon_meta']
[0.436s] Level 1:colcon.colcon_core.package_identification:_identify(src/uwaba_prototype_bringup) by extension 'colcon_meta'
[0.436s] Level 1:colcon.colcon_core.package_identification:_identify(src/uwaba_prototype_bringup) by extensions ['ros']
[0.436s] Level 1:colcon.colcon_core.package_identification:_identify(src/uwaba_prototype_bringup) by extension 'ros'
[0.439s] DEBUG:colcon.colcon_core.package_identification:Package 'src/uwaba_prototype_bringup' with type 'ros.ament_cmake' and name 'uwaba_prototype_bringup'
[0.439s] Level 1:colcon.colcon_core.package_identification:_identify(src/uwaba_prototype_description) by extensions ['ignore', 'ignore_ament_install']
[0.439s] Level 1:colcon.colcon_core.package_identification:_identify(src/uwaba_prototype_description) by extension 'ignore'
[0.439s] Level 1:colcon.colcon_core.package_identification:_identify(src/uwaba_prototype_description) by extension 'ignore_ament_install'
[0.439s] Level 1:colcon.colcon_core.package_identification:_identify(src/uwaba_prototype_description) by extensions ['colcon_pkg']
[0.440s] Level 1:colcon.colcon_core.package_identification:_identify(src/uwaba_prototype_description) by extension 'colcon_pkg'
[0.440s] Level 1:colcon.colcon_core.package_identification:_identify(src/uwaba_prototype_description) by extensions ['colcon_meta']
[0.440s] Level 1:colcon.colcon_core.package_identification:_identify(src/uwaba_prototype_description) by extension 'colcon_meta'
[0.440s] Level 1:colcon.colcon_core.package_identification:_identify(src/uwaba_prototype_description) by extensions ['ros']
[0.440s] Level 1:colcon.colcon_core.package_identification:_identify(src/uwaba_prototype_description) by extension 'ros'
[0.440s] DEBUG:colcon.colcon_core.package_identification:Package 'src/uwaba_prototype_description' with type 'ros.ament_cmake' and name 'uwaba_prototype_description'
[0.441s] Level 1:colcon.colcon_core.package_identification:_identify(src/uwaba_prototype_nav2) by extensions ['ignore', 'ignore_ament_install']
[0.441s] Level 1:colcon.colcon_core.package_identification:_identify(src/uwaba_prototype_nav2) by extension 'ignore'
[0.441s] Level 1:colcon.colcon_core.package_identification:_identify(src/uwaba_prototype_nav2) by extension 'ignore_ament_install'
[0.441s] Level 1:colcon.colcon_core.package_identification:_identify(src/uwaba_prototype_nav2) by extensions ['colcon_pkg']
[0.441s] Level 1:colcon.colcon_core.package_identification:_identify(src/uwaba_prototype_nav2) by extension 'colcon_pkg'
[0.441s] Level 1:colcon.colcon_core.package_identification:_identify(src/uwaba_prototype_nav2) by extensions ['colcon_meta']
[0.441s] Level 1:colcon.colcon_core.package_identification:_identify(src/uwaba_prototype_nav2) by extension 'colcon_meta'
[0.441s] Level 1:colcon.colcon_core.package_identification:_identify(src/uwaba_prototype_nav2) by extensions ['ros']
[0.441s] Level 1:colcon.colcon_core.package_identification:_identify(src/uwaba_prototype_nav2) by extension 'ros'
[0.442s] DEBUG:colcon.colcon_core.package_identification:Package 'src/uwaba_prototype_nav2' with type 'ros.ament_cmake' and name 'uwaba_prototype_nav2'
[0.442s] Level 1:colcon.colcon_core.package_identification:_identify(src/uwaba_prototype_testes) by extensions ['ignore', 'ignore_ament_install']
[0.442s] Level 1:colcon.colcon_core.package_identification:_identify(src/uwaba_prototype_testes) by extension 'ignore'
[0.442s] Level 1:colcon.colcon_core.package_identification:_identify(src/uwaba_prototype_testes) by extension 'ignore_ament_install'
[0.442s] Level 1:colcon.colcon_core.package_identification:_identify(src/uwaba_prototype_testes) by extensions ['colcon_pkg']
[0.443s] Level 1:colcon.colcon_core.package_identification:_identify(src/uwaba_prototype_testes) by extension 'colcon_pkg'
[0.443s] Level 1:colcon.colcon_core.package_identification:_identify(src/uwaba_prototype_testes) by extensions ['colcon_meta']
[0.443s] Level 1:colcon.colcon_core.package_identification:_identify(src/uwaba_prototype_testes) by extension 'colcon_meta'
[0.443s] Level 1:colcon.colcon_core.package_identification:_identify(src/uwaba_prototype_testes) by extensions ['ros']
[0.443s] Level 1:colcon.colcon_core.package_identification:_identify(src/uwaba_prototype_testes) by extension 'ros'
[0.444s] DEBUG:colcon.colcon_core.package_identification:Package 'src/uwaba_prototype_testes' with type 'ros.ament_python' and name 'uwaba_prototype_testes'
[0.444s] Level 1:colcon.colcon_core.package_discovery:discover_packages(recursive) using defaults
[0.444s] Level 1:colcon.colcon_core.package_discovery:discover_packages(ignore) discover
[0.444s] Level 1:colcon.colcon_core.package_discovery:discover_packages(ignore) using defaults
[0.444s] Level 1:colcon.colcon_core.package_discovery:discover_packages(path) discover
[0.444s] Level 1:colcon.colcon_core.package_discovery:discover_packages(path) using defaults
[0.472s] INFO:colcon.colcon_core.package_selection:Skipping not selected package 'uwaba_prototype_bringup' in 'src/uwaba_prototype_bringup'
[0.472s] INFO:colcon.colcon_core.package_selection:Skipping not selected package 'uwaba_prototype_nav2' in 'src/uwaba_prototype_nav2'
[0.472s] INFO:colcon.colcon_core.package_selection:Skipping not selected package 'uwaba_prototype_testes' in 'src/uwaba_prototype_testes'
[0.473s] Level 1:colcon.colcon_core.package_discovery:discover_packages(prefix_path) check parameters
[0.473s] Level 1:colcon.colcon_core.package_discovery:discover_packages(prefix_path) discover
[0.477s] DEBUG:colcon.colcon_installed_package_information.package_discovery:Found 318 installed packages in /opt/ros/humble
[0.491s] Level 1:colcon.colcon_core.package_discovery:discover_packages(prefix_path) using defaults
[0.564s] Level 5:colcon.colcon_core.verb:set package 'uwaba_prototype_description' build argument 'cmake_args' from command line to 'None'
[0.564s] Level 5:colcon.colcon_core.verb:set package 'uwaba_prototype_description' build argument 'cmake_target' from command line to 'None'
[0.564s] Level 5:colcon.colcon_core.verb:set package 'uwaba_prototype_description' build argument 'cmake_target_skip_unavailable' from command line to 'False'
[0.564s] Level 5:colcon.colcon_core.verb:set package 'uwaba_prototype_description' build argument 'cmake_clean_cache' from command line to 'False'
[0.564s] Level 5:colcon.colcon_core.verb:set package 'uwaba_prototype_description' build argument 'cmake_clean_first' from command line to 'False'
[0.564s] Level 5:colcon.colcon_core.verb:set package 'uwaba_prototype_description' build argument 'cmake_force_configure' from command line to 'False'
[0.564s] Level 5:colcon.colcon_core.verb:set package 'uwaba_prototype_description' build argument 'ament_cmake_args' from command line to 'None'
[0.564s] Level 5:colcon.colcon_core.verb:set package 'uwaba_prototype_description' build argument 'catkin_cmake_args' from command line to 'None'
[0.564s] Level 5:colcon.colcon_core.verb:set package 'uwaba_prototype_description' build argument 'catkin_skip_building_tests' from command line to 'False'
[0.564s] DEBUG:colcon.colcon_core.verb:Building package 'uwaba_prototype_description' with the following arguments: {'ament_cmake_args': None, 'build_base': '/home/frantches/ros2-uwaba-prototype/packages/build/uwaba_prototype_description', 'catkin_cmake_args': None, 'catkin_skip_building_tests': False, 'cmake_args': None, 'cmake_clean_cache': False, 'cmake_clean_first': False, 'cmake_force_configure': False, 'cmake_target': None, 'cmake_target_skip_unavailable': False, 'install_base': '/home/frantches/ros2-uwaba-prototype/packages/install/uwaba_prototype_description', 'merge_install': False, 'path': '/home/frantches/ros2-uwaba-prototype/packages/src/uwaba_prototype_description', 'symlink_install': False, 'test_result_base': None}
[0.565s] INFO:colcon.colcon_core.executor:Executing jobs using 'parallel' executor
[0.566s] DEBUG:colcon.colcon_parallel_executor.executor.parallel:run_until_complete
[0.567s] INFO:colcon.colcon_ros.task.ament_cmake.build:Building ROS package in '/home/frantches/ros2-uwaba-prototype/packages/src/uwaba_prototype_description' with build type 'ament_cmake'
[0.567s] INFO:colcon.colcon_cmake.task.cmake.build:Building CMake package in '/home/frantches/ros2-uwaba-prototype/packages/src/uwaba_prototype_description'
[0.571s] INFO:colcon.colcon_core.plugin_system:Skipping extension 'colcon_core.shell.bat': Not used on non-Windows systems
[0.571s] INFO:colcon.colcon_core.shell:Skip shell extension 'powershell' for command environment: Not usable outside of PowerShell
[0.571s] DEBUG:colcon.colcon_core.shell:Skip shell extension 'dsv' for command environment
[0.582s] DEBUG:colcon.colcon_core.event_handler.log_command:Invoking command in '/home/frantches/ros2-uwaba-prototype/packages/build/uwaba_prototype_description': CMAKE_PREFIX_PATH=/opt/ros/humble /usr/bin/cmake /home/frantches/ros2-uwaba-prototype/packages/src/uwaba_prototype_description -DCMAKE_INSTALL_PREFIX=/home/frantches/ros2-uwaba-prototype/packages/install/uwaba_prototype_description
[2.665s] DEBUG:colcon.colcon_core.event_handler.log_command:Invoked command in '/home/frantches/ros2-uwaba-prototype/packages/build/uwaba_prototype_description' returned '0': CMAKE_PREFIX_PATH=/opt/ros/humble /usr/bin/cmake /home/frantches/ros2-uwaba-prototype/packages/src/uwaba_prototype_description -DCMAKE_INSTALL_PREFIX=/home/frantches/ros2-uwaba-prototype/packages/install/uwaba_prototype_description
[2.668s] DEBUG:colcon.colcon_core.event_handler.log_command:Invoking command in '/home/frantches/ros2-uwaba-prototype/packages/build/uwaba_prototype_description': CMAKE_PREFIX_PATH=/opt/ros/humble /usr/bin/cmake --build /home/frantches/ros2-uwaba-prototype/packages/build/uwaba_prototype_description -- -j4 -l4
[2.693s] DEBUG:colcon.colcon_core.event_handler.log_command:Invoked command in '/home/frantches/ros2-uwaba-prototype/packages/build/uwaba_prototype_description' returned '0': CMAKE_PREFIX_PATH=/opt/ros/humble /usr/bin/cmake --build /home/frantches/ros2-uwaba-prototype/packages/build/uwaba_prototype_description -- -j4 -l4
[2.723s] DEBUG:colcon.colcon_core.event_handler.log_command:Invoking command in '/home/frantches/ros2-uwaba-prototype/packages/build/uwaba_prototype_description': CMAKE_PREFIX_PATH=/opt/ros/humble /usr/bin/cmake --install /home/frantches/ros2-uwaba-prototype/packages/build/uwaba_prototype_description
[2.759s] Level 1:colcon.colcon_core.environment:create_environment_scripts_only(uwaba_prototype_description)
[2.760s] DEBUG:colcon.colcon_core.event_handler.log_command:Invoked command in '/home/frantches/ros2-uwaba-prototype/packages/build/uwaba_prototype_description' returned '0': CMAKE_PREFIX_PATH=/opt/ros/humble /usr/bin/cmake --install /home/frantches/ros2-uwaba-prototype/packages/build/uwaba_prototype_description
[2.764s] Level 1:colcon.colcon_core.environment:checking '/home/frantches/ros2-uwaba-prototype/packages/install/uwaba_prototype_description' for CMake module files
[2.764s] Level 1:colcon.colcon_core.environment:checking '/home/frantches/ros2-uwaba-prototype/packages/install/uwaba_prototype_description' for CMake config files
[2.765s] Level 1:colcon.colcon_core.shell:create_environment_hook('uwaba_prototype_description', 'cmake_prefix_path')
[2.765s] INFO:colcon.colcon_core.shell:Creating environment hook '/home/frantches/ros2-uwaba-prototype/packages/install/uwaba_prototype_description/share/uwaba_prototype_description/hook/cmake_prefix_path.ps1'
[2.766s] INFO:colcon.colcon_core.shell:Creating environment descriptor '/home/frantches/ros2-uwaba-prototype/packages/install/uwaba_prototype_description/share/uwaba_prototype_description/hook/cmake_prefix_path.dsv'
[2.767s] INFO:colcon.colcon_core.shell:Creating environment hook '/home/frantches/ros2-uwaba-prototype/packages/install/uwaba_prototype_description/share/uwaba_prototype_description/hook/cmake_prefix_path.sh'
[2.768s] Level 1:colcon.colcon_core.environment:checking '/home/frantches/ros2-uwaba-prototype/packages/install/uwaba_prototype_description/bin'
[2.768s] Level 1:colcon.colcon_core.environment:checking '/home/frantches/ros2-uwaba-prototype/packages/install/uwaba_prototype_description/lib/pkgconfig/uwaba_prototype_description.pc'
[2.769s] Level 1:colcon.colcon_core.environment:checking '/home/frantches/ros2-uwaba-prototype/packages/install/uwaba_prototype_description/lib/python3.10/site-packages'
[2.769s] Level 1:colcon.colcon_core.environment:checking '/home/frantches/ros2-uwaba-prototype/packages/install/uwaba_prototype_description/bin'
[2.769s] INFO:colcon.colcon_core.shell:Creating package script '/home/frantches/ros2-uwaba-prototype/packages/install/uwaba_prototype_description/share/uwaba_prototype_description/package.ps1'
[2.770s] INFO:colcon.colcon_core.shell:Creating package descriptor '/home/frantches/ros2-uwaba-prototype/packages/install/uwaba_prototype_description/share/uwaba_prototype_description/package.dsv'
[2.771s] INFO:colcon.colcon_core.shell:Creating package script '/home/frantches/ros2-uwaba-prototype/packages/install/uwaba_prototype_description/share/uwaba_prototype_description/package.sh'
[2.772s] INFO:colcon.colcon_core.shell:Creating package script '/home/frantches/ros2-uwaba-prototype/packages/install/uwaba_prototype_description/share/uwaba_prototype_description/package.bash'
[2.773s] INFO:colcon.colcon_core.shell:Creating package script '/home/frantches/ros2-uwaba-prototype/packages/install/uwaba_prototype_description/share/uwaba_prototype_description/package.zsh'
[2.774s] Level 1:colcon.colcon_core.environment:create_file_with_runtime_dependencies(/home/frantches/ros2-uwaba-prototype/packages/install/uwaba_prototype_description/share/colcon-core/packages/uwaba_prototype_description)
[2.794s] Level 1:colcon.colcon_core.environment:create_environment_scripts_only(uwaba_prototype_description)
[2.794s] Level 1:colcon.colcon_core.environment:checking '/home/frantches/ros2-uwaba-prototype/packages/install/uwaba_prototype_description' for CMake module files
[2.795s] Level 1:colcon.colcon_core.environment:checking '/home/frantches/ros2-uwaba-prototype/packages/install/uwaba_prototype_description' for CMake config files
[2.796s] Level 1:colcon.colcon_core.shell:create_environment_hook('uwaba_prototype_description', 'cmake_prefix_path')
[2.796s] INFO:colcon.colcon_core.shell:Creating environment hook '/home/frantches/ros2-uwaba-prototype/packages/install/uwaba_prototype_description/share/uwaba_prototype_description/hook/cmake_prefix_path.ps1'
[2.797s] INFO:colcon.colcon_core.shell:Creating environment descriptor '/home/frantches/ros2-uwaba-prototype/packages/install/uwaba_prototype_description/share/uwaba_prototype_description/hook/cmake_prefix_path.dsv'
[2.797s] INFO:colcon.colcon_core.shell:Creating environment hook '/home/frantches/ros2-uwaba-prototype/packages/install/uwaba_prototype_description/share/uwaba_prototype_description/hook/cmake_prefix_path.sh'
[2.798s] Level 1:colcon.colcon_core.environment:checking '/home/frantches/ros2-uwaba-prototype/packages/install/uwaba_prototype_description/bin'
[2.798s] Level 1:colcon.colcon_core.environment:checking '/home/frantches/ros2-uwaba-prototype/packages/install/uwaba_prototype_description/lib/pkgconfig/uwaba_prototype_description.pc'
[2.798s] Level 1:colcon.colcon_core.environment:checking '/home/frantches/ros2-uwaba-prototype/packages/install/uwaba_prototype_description/lib/python3.10/site-packages'
[2.799s] Level 1:colcon.colcon_core.environment:checking '/home/frantches/ros2-uwaba-prototype/packages/install/uwaba_prototype_description/bin'
[2.799s] INFO:colcon.colcon_core.shell:Creating package script '/home/frantches/ros2-uwaba-prototype/packages/install/uwaba_prototype_description/share/uwaba_prototype_description/package.ps1'
[2.800s] INFO:colcon.colcon_core.shell:Creating package descriptor '/home/frantches/ros2-uwaba-prototype/packages/install/uwaba_prototype_description/share/uwaba_prototype_description/package.dsv'
[2.801s] INFO:colcon.colcon_core.shell:Creating package script '/home/frantches/ros2-uwaba-prototype/packages/install/uwaba_prototype_description/share/uwaba_prototype_description/package.sh'
[2.803s] INFO:colcon.colcon_core.shell:Creating package script '/home/frantches/ros2-uwaba-prototype/packages/install/uwaba_prototype_description/share/uwaba_prototype_description/package.bash'
[2.803s] INFO:colcon.colcon_core.shell:Creating package script '/home/frantches/ros2-uwaba-prototype/packages/install/uwaba_prototype_description/share/uwaba_prototype_description/package.zsh'
[2.804s] Level 1:colcon.colcon_core.environment:create_file_with_runtime_dependencies(/home/frantches/ros2-uwaba-prototype/packages/install/uwaba_prototype_description/share/colcon-core/packages/uwaba_prototype_description)
[2.805s] DEBUG:colcon.colcon_parallel_executor.executor.parallel:closing loop
[2.806s] DEBUG:colcon.colcon_parallel_executor.executor.parallel:loop closed
[2.807s] DEBUG:colcon.colcon_parallel_executor.executor.parallel:run_until_complete finished with '0'
[2.807s] DEBUG:colcon.colcon_core.event_reactor:joining thread
[2.815s] INFO:colcon.colcon_core.plugin_system:Skipping extension 'colcon_notification.desktop_notification.terminal_notifier': Not used on non-Darwin systems
[2.815s] INFO:colcon.colcon_core.plugin_system:Skipping extension 'colcon_notification.desktop_notification.win32': Not used on non-Windows systems
[2.816s] INFO:colcon.colcon_notification.desktop_notification:Sending desktop notification using 'notify2'
[3.209s] DEBUG:colcon.colcon_core.event_reactor:joined thread
[3.210s] INFO:colcon.colcon_core.shell:Creating prefix script '/home/frantches/ros2-uwaba-prototype/packages/install/local_setup.ps1'
[3.211s] INFO:colcon.colcon_core.shell:Creating prefix util module '/home/frantches/ros2-uwaba-prototype/packages/install/_local_setup_util_ps1.py'
[3.213s] INFO:colcon.colcon_core.shell:Creating prefix chain script '/home/frantches/ros2-uwaba-prototype/packages/install/setup.ps1'
[3.215s] INFO:colcon.colcon_core.shell:Creating prefix script '/home/frantches/ros2-uwaba-prototype/packages/install/local_setup.sh'
[3.215s] INFO:colcon.colcon_core.shell:Creating prefix util module '/home/frantches/ros2-uwaba-prototype/packages/install/_local_setup_util_sh.py'
[3.216s] INFO:colcon.colcon_core.shell:Creating prefix chain script '/home/frantches/ros2-uwaba-prototype/packages/install/setup.sh'
[3.218s] INFO:colcon.colcon_core.shell:Creating prefix script '/home/frantches/ros2-uwaba-prototype/packages/install/local_setup.bash'
[3.218s] INFO:colcon.colcon_core.shell:Creating prefix chain script '/home/frantches/ros2-uwaba-prototype/packages/install/setup.bash'
[3.220s] INFO:colcon.colcon_core.shell:Creating prefix script '/home/frantches/ros2-uwaba-prototype/packages/install/local_setup.zsh'
[3.221s] INFO:colcon.colcon_core.shell:Creating prefix chain script '/home/frantches/ros2-uwaba-prototype/packages/install/setup.zsh'
