[0.011s] Invoking command in '/home/frantches/Workspaces/ros2_ws/packages/build/uwaba_prototype_description': CMAKE_PREFIX_PATH=${CMAKE_PREFIX_PATH}:/opt/ros/humble /usr/bin/cmake /home/frantches/Workspaces/ros2_ws/packages/src/uwaba_prototype_description -DCMAKE_INSTALL_PREFIX=/home/frantches/Workspaces/ros2_ws/packages/install/uwaba_prototype_description
[0.019s] -- Found ament_cmake: 1.3.8 (/opt/ros/humble/share/ament_cmake/cmake)
[0.102s] -- Override CMake install command with custom implementation using symlinks instead of copying resources
[0.110s] -- Found xacro: 2.0.8 (/opt/ros/humble/share/xacro/cmake)
[0.173s] -- Configuring done
[0.176s] -- Generating done
[0.177s] -- Build files have been written to: /home/frantches/Workspaces/ros2_ws/packages/build/uwaba_prototype_description
[0.179s] Invoked command in '/home/frantches/Workspaces/ros2_ws/packages/build/uwaba_prototype_description' returned '0': CMAKE_PREFIX_PATH=${CMAKE_PREFIX_PATH}:/opt/ros/humble /usr/bin/cmake /home/frantches/Workspaces/ros2_ws/packages/src/uwaba_prototype_description -DCMAKE_INSTALL_PREFIX=/home/frantches/Workspaces/ros2_ws/packages/install/uwaba_prototype_description
[0.181s] Invoking command in '/home/frantches/Workspaces/ros2_ws/packages/build/uwaba_prototype_description': CMAKE_PREFIX_PATH=${CMAKE_PREFIX_PATH}:/opt/ros/humble /usr/bin/cmake --build /home/frantches/Workspaces/ros2_ws/packages/build/uwaba_prototype_description -- -j8 -l8
[0.198s] Invoked command in '/home/frantches/Workspaces/ros2_ws/packages/build/uwaba_prototype_description' returned '0': CMAKE_PREFIX_PATH=${CMAKE_PREFIX_PATH}:/opt/ros/humble /usr/bin/cmake --build /home/frantches/Workspaces/ros2_ws/packages/build/uwaba_prototype_description -- -j8 -l8
[0.221s] Invoking command in '/home/frantches/Workspaces/ros2_ws/packages/build/uwaba_prototype_description': CMAKE_PREFIX_PATH=${CMAKE_PREFIX_PATH}:/opt/ros/humble /usr/bin/cmake --install /home/frantches/Workspaces/ros2_ws/packages/build/uwaba_prototype_description
[0.224s] -- Install configuration: ""
[0.224s] -- Execute custom install script
[0.224s] -- Up-to-date symlink: /home/frantches/Workspaces/ros2_ws/packages/install/uwaba_prototype_description/share/uwaba_prototype_description//launch/display.launch.py
[0.225s] -- Up-to-date symlink: /home/frantches/Workspaces/ros2_ws/packages/install/uwaba_prototype_description/share/uwaba_prototype_description//meshes/dae/Cube.002.dae
[0.225s] -- Up-to-date symlink: /home/frantches/Workspaces/ros2_ws/packages/install/uwaba_prototype_description/share/uwaba_prototype_description//meshes/dae/Cube.002.dae_history.log
[0.225s] -- Up-to-date symlink: /home/frantches/Workspaces/ros2_ws/packages/install/uwaba_prototype_description/share/uwaba_prototype_description//meshes/dae/left.tracks.dae
[0.225s] -- Up-to-date symlink: /home/frantches/Workspaces/ros2_ws/packages/install/uwaba_prototype_description/share/uwaba_prototype_description//meshes/dae/left.tracks.dae_history.log
[0.225s] -- Up-to-date symlink: /home/frantches/Workspaces/ros2_ws/packages/install/uwaba_prototype_description/share/uwaba_prototype_description//meshes/dae/right.tracks.dae
[0.226s] -- Up-to-date symlink: /home/frantches/Workspaces/ros2_ws/packages/install/uwaba_prototype_description/share/uwaba_prototype_description//meshes/dae/right.tracks.dae_history.log
[0.226s] -- Up-to-date symlink: /home/frantches/Workspaces/ros2_ws/packages/install/uwaba_prototype_description/share/uwaba_prototype_description//rviz/urdf_config.rviz
[0.226s] -- Up-to-date symlink: /home/frantches/Workspaces/ros2_ws/packages/install/uwaba_prototype_description/share/uwaba_prototype_description//urdf/uwaba_prototype.urdf
[0.226s] -- Up-to-date symlink: /home/frantches/Workspaces/ros2_ws/packages/install/uwaba_prototype_description/share/uwaba_prototype_description//config/ekf.yaml
[0.227s] -- Up-to-date symlink: /home/frantches/Workspaces/ros2_ws/packages/install/uwaba_prototype_description/share/uwaba_prototype_description//config/nav2_params.yaml
[0.227s] -- Up-to-date symlink: /home/frantches/Workspaces/ros2_ws/packages/install/uwaba_prototype_description/share/ament_index/resource_index/package_run_dependencies/uwaba_prototype_description
[0.227s] -- Up-to-date symlink: /home/frantches/Workspaces/ros2_ws/packages/install/uwaba_prototype_description/share/ament_index/resource_index/parent_prefix_path/uwaba_prototype_description
[0.227s] -- Up-to-date symlink: /home/frantches/Workspaces/ros2_ws/packages/install/uwaba_prototype_description/share/uwaba_prototype_description/environment/ament_prefix_path.sh
[0.228s] -- Up-to-date symlink: /home/frantches/Workspaces/ros2_ws/packages/install/uwaba_prototype_description/share/uwaba_prototype_description/environment/ament_prefix_path.dsv
[0.228s] -- Up-to-date symlink: /home/frantches/Workspaces/ros2_ws/packages/install/uwaba_prototype_description/share/uwaba_prototype_description/environment/path.sh
[0.228s] -- Up-to-date symlink: /home/frantches/Workspaces/ros2_ws/packages/install/uwaba_prototype_description/share/uwaba_prototype_description/environment/path.dsv
[0.228s] -- Up-to-date symlink: /home/frantches/Workspaces/ros2_ws/packages/install/uwaba_prototype_description/share/uwaba_prototype_description/local_setup.bash
[0.228s] -- Up-to-date symlink: /home/frantches/Workspaces/ros2_ws/packages/install/uwaba_prototype_description/share/uwaba_prototype_description/local_setup.sh
[0.229s] -- Up-to-date symlink: /home/frantches/Workspaces/ros2_ws/packages/install/uwaba_prototype_description/share/uwaba_prototype_description/local_setup.zsh
[0.229s] -- Up-to-date symlink: /home/frantches/Workspaces/ros2_ws/packages/install/uwaba_prototype_description/share/uwaba_prototype_description/local_setup.dsv
[0.229s] -- Symlinking: /home/frantches/Workspaces/ros2_ws/packages/install/uwaba_prototype_description/share/uwaba_prototype_description/package.dsv
[0.233s] -- Up-to-date symlink: /home/frantches/Workspaces/ros2_ws/packages/install/uwaba_prototype_description/share/ament_index/resource_index/packages/uwaba_prototype_description
[0.233s] -- Up-to-date symlink: /home/frantches/Workspaces/ros2_ws/packages/install/uwaba_prototype_description/share/uwaba_prototype_description/cmake/uwaba_prototype_descriptionConfig.cmake
[0.233s] -- Up-to-date symlink: /home/frantches/Workspaces/ros2_ws/packages/install/uwaba_prototype_description/share/uwaba_prototype_description/cmake/uwaba_prototype_descriptionConfig-version.cmake
[0.233s] -- Up-to-date symlink: /home/frantches/Workspaces/ros2_ws/packages/install/uwaba_prototype_description/share/uwaba_prototype_description/package.xml
[0.235s] Invoked command in '/home/frantches/Workspaces/ros2_ws/packages/build/uwaba_prototype_description' returned '0': CMAKE_PREFIX_PATH=${CMAKE_PREFIX_PATH}:/opt/ros/humble /usr/bin/cmake --install /home/frantches/Workspaces/ros2_ws/packages/build/uwaba_prototype_description
