[0.012s] Invoking command in '/home/frantches/Workspaces/ros2_ws/packages/build/uwaba_prototype_description': CMAKE_PREFIX_PATH=${CMAKE_PREFIX_PATH}:/opt/ros/humble /usr/bin/cmake --build /home/frantches/Workspaces/ros2_ws/packages/build/uwaba_prototype_description -- -j8 -l8
[0.029s] Invoked command in '/home/frantches/Workspaces/ros2_ws/packages/build/uwaba_prototype_description' returned '0': CMAKE_PREFIX_PATH=${CMAKE_PREFIX_PATH}:/opt/ros/humble /usr/bin/cmake --build /home/frantches/Workspaces/ros2_ws/packages/build/uwaba_prototype_description -- -j8 -l8
[0.051s] Invoking command in '/home/frantches/Workspaces/ros2_ws/packages/build/uwaba_prototype_description': CMAKE_PREFIX_PATH=${CMAKE_PREFIX_PATH}:/opt/ros/humble /usr/bin/cmake --install /home/frantches/Workspaces/ros2_ws/packages/build/uwaba_prototype_description
[0.054s] -- Install configuration: ""
[0.054s] -- Execute custom install script
[0.055s] -- Up-to-date symlink: /home/frantches/Workspaces/ros2_ws/packages/install/uwaba_prototype_description/share/uwaba_prototype_description//launch/display.launch.py
[0.055s] -- Up-to-date symlink: /home/frantches/Workspaces/ros2_ws/packages/install/uwaba_prototype_description/share/uwaba_prototype_description//meshes/dae/Cube.002.dae
[0.055s] -- Up-to-date symlink: /home/frantches/Workspaces/ros2_ws/packages/install/uwaba_prototype_description/share/uwaba_prototype_description//meshes/dae/Cube.002.dae_history.log
[0.056s] -- Up-to-date symlink: /home/frantches/Workspaces/ros2_ws/packages/install/uwaba_prototype_description/share/uwaba_prototype_description//meshes/dae/left.tracks.dae
[0.056s] -- Up-to-date symlink: /home/frantches/Workspaces/ros2_ws/packages/install/uwaba_prototype_description/share/uwaba_prototype_description//meshes/dae/left.tracks.dae_history.log
[0.056s] -- Up-to-date symlink: /home/frantches/Workspaces/ros2_ws/packages/install/uwaba_prototype_description/share/uwaba_prototype_description//meshes/dae/right.tracks.dae
[0.056s] -- Up-to-date symlink: /home/frantches/Workspaces/ros2_ws/packages/install/uwaba_prototype_description/share/uwaba_prototype_description//meshes/dae/right.tracks.dae_history.log
[0.056s] -- Up-to-date symlink: /home/frantches/Workspaces/ros2_ws/packages/install/uwaba_prototype_description/share/uwaba_prototype_description//rviz/urdf_config.rviz
[0.057s] -- Up-to-date symlink: /home/frantches/Workspaces/ros2_ws/packages/install/uwaba_prototype_description/share/uwaba_prototype_description//urdf/uwaba_prototype.urdf
[0.057s] -- Up-to-date symlink: /home/frantches/Workspaces/ros2_ws/packages/install/uwaba_prototype_description/share/uwaba_prototype_description//config/ekf.yaml
[0.057s] -- Up-to-date symlink: /home/frantches/Workspaces/ros2_ws/packages/install/uwaba_prototype_description/share/uwaba_prototype_description//config/nav2_params.yaml
[0.057s] -- Up-to-date symlink: /home/frantches/Workspaces/ros2_ws/packages/install/uwaba_prototype_description/share/ament_index/resource_index/package_run_dependencies/uwaba_prototype_description
[0.058s] -- Up-to-date symlink: /home/frantches/Workspaces/ros2_ws/packages/install/uwaba_prototype_description/share/ament_index/resource_index/parent_prefix_path/uwaba_prototype_description
[0.058s] -- Up-to-date symlink: /home/frantches/Workspaces/ros2_ws/packages/install/uwaba_prototype_description/share/uwaba_prototype_description/environment/ament_prefix_path.sh
[0.058s] -- Up-to-date symlink: /home/frantches/Workspaces/ros2_ws/packages/install/uwaba_prototype_description/share/uwaba_prototype_description/environment/ament_prefix_path.dsv
[0.058s] -- Up-to-date symlink: /home/frantches/Workspaces/ros2_ws/packages/install/uwaba_prototype_description/share/uwaba_prototype_description/environment/path.sh
[0.058s] -- Up-to-date symlink: /home/frantches/Workspaces/ros2_ws/packages/install/uwaba_prototype_description/share/uwaba_prototype_description/environment/path.dsv
[0.059s] -- Up-to-date symlink: /home/frantches/Workspaces/ros2_ws/packages/install/uwaba_prototype_description/share/uwaba_prototype_description/local_setup.bash
[0.059s] -- Up-to-date symlink: /home/frantches/Workspaces/ros2_ws/packages/install/uwaba_prototype_description/share/uwaba_prototype_description/local_setup.sh
[0.059s] -- Up-to-date symlink: /home/frantches/Workspaces/ros2_ws/packages/install/uwaba_prototype_description/share/uwaba_prototype_description/local_setup.zsh
[0.059s] -- Up-to-date symlink: /home/frantches/Workspaces/ros2_ws/packages/install/uwaba_prototype_description/share/uwaba_prototype_description/local_setup.dsv
[0.059s] -- Symlinking: /home/frantches/Workspaces/ros2_ws/packages/install/uwaba_prototype_description/share/uwaba_prototype_description/package.dsv
[0.063s] -- Up-to-date symlink: /home/frantches/Workspaces/ros2_ws/packages/install/uwaba_prototype_description/share/ament_index/resource_index/packages/uwaba_prototype_description
[0.063s] -- Up-to-date symlink: /home/frantches/Workspaces/ros2_ws/packages/install/uwaba_prototype_description/share/uwaba_prototype_description/cmake/uwaba_prototype_descriptionConfig.cmake
[0.064s] -- Up-to-date symlink: /home/frantches/Workspaces/ros2_ws/packages/install/uwaba_prototype_description/share/uwaba_prototype_description/cmake/uwaba_prototype_descriptionConfig-version.cmake
[0.064s] -- Up-to-date symlink: /home/frantches/Workspaces/ros2_ws/packages/install/uwaba_prototype_description/share/uwaba_prototype_description/package.xml
[0.066s] Invoked command in '/home/frantches/Workspaces/ros2_ws/packages/build/uwaba_prototype_description' returned '0': CMAKE_PREFIX_PATH=${CMAKE_PREFIX_PATH}:/opt/ros/humble /usr/bin/cmake --install /home/frantches/Workspaces/ros2_ws/packages/build/uwaba_prototype_description
