[0.013s] Invoking command in '/home/frantches/ros2-uwaba-prototype/packages/build/uwaba_prototype_description': CMAKE_PREFIX_PATH=/opt/ros/humble /usr/bin/cmake /home/frantches/ros2-uwaba-prototype/packages/src/uwaba_prototype_description -DCMAKE_INSTALL_PREFIX=/home/frantches/ros2-uwaba-prototype/packages/install/uwaba_prototype_description
[0.538s] -- The C compiler identification is GNU 11.4.0
[0.827s] -- The CXX compiler identification is GNU 11.4.0
[0.897s] -- Detecting C compiler ABI info
[1.031s] -- Detecting C compiler ABI info - done
[1.045s] -- Check for working C compiler: /usr/bin/cc - skipped
[1.046s] -- Detecting C compile features
[1.046s] -- Detecting C compile features - done
[1.065s] -- Detecting CXX compiler ABI info
[1.185s] -- Detecting CXX compiler ABI info - done
[1.198s] -- Check for working CXX compiler: /usr/bin/c++ - skipped
[1.198s] -- Detecting CXX compile features
[1.199s] -- Detecting CXX compile features - done
[1.223s] -- Found ament_cmake: 1.3.8 (/opt/ros/humble/share/ament_cmake/cmake)
[1.476s] -- Found Python3: /usr/bin/python3 (found version "3.10.12") found components: Interpreter 
[1.923s] -- Found xacro: 2.0.8 (/opt/ros/humble/share/xacro/cmake)
[2.076s] -- Configuring done
[2.086s] -- Generating done
[2.089s] -- Build files have been written to: /home/frantches/ros2-uwaba-prototype/packages/build/uwaba_prototype_description
[2.097s] Invoked command in '/home/frantches/ros2-uwaba-prototype/packages/build/uwaba_prototype_description' returned '0': CMAKE_PREFIX_PATH=/opt/ros/humble /usr/bin/cmake /home/frantches/ros2-uwaba-prototype/packages/src/uwaba_prototype_description -DCMAKE_INSTALL_PREFIX=/home/frantches/ros2-uwaba-prototype/packages/install/uwaba_prototype_description
[2.100s] Invoking command in '/home/frantches/ros2-uwaba-prototype/packages/build/uwaba_prototype_description': CMAKE_PREFIX_PATH=/opt/ros/humble /usr/bin/cmake --build /home/frantches/ros2-uwaba-prototype/packages/build/uwaba_prototype_description -- -j4 -l4
[2.125s] Invoked command in '/home/frantches/ros2-uwaba-prototype/packages/build/uwaba_prototype_description' returned '0': CMAKE_PREFIX_PATH=/opt/ros/humble /usr/bin/cmake --build /home/frantches/ros2-uwaba-prototype/packages/build/uwaba_prototype_description -- -j4 -l4
[2.155s] Invoking command in '/home/frantches/ros2-uwaba-prototype/packages/build/uwaba_prototype_description': CMAKE_PREFIX_PATH=/opt/ros/humble /usr/bin/cmake --install /home/frantches/ros2-uwaba-prototype/packages/build/uwaba_prototype_description
[2.158s] -- Install configuration: ""
[2.159s] -- Installing: /home/frantches/ros2-uwaba-prototype/packages/install/uwaba_prototype_description/share/uwaba_prototype_description//launch
[2.159s] -- Installing: /home/frantches/ros2-uwaba-prototype/packages/install/uwaba_prototype_description/share/uwaba_prototype_description//launch/display.launch.py
[2.159s] -- Installing: /home/frantches/ros2-uwaba-prototype/packages/install/uwaba_prototype_description/share/uwaba_prototype_description//meshes
[2.159s] -- Installing: /home/frantches/ros2-uwaba-prototype/packages/install/uwaba_prototype_description/share/uwaba_prototype_description//meshes/dae
[2.159s] -- Installing: /home/frantches/ros2-uwaba-prototype/packages/install/uwaba_prototype_description/share/uwaba_prototype_description//meshes/dae/left.tracks.dae
[2.163s] -- Installing: /home/frantches/ros2-uwaba-prototype/packages/install/uwaba_prototype_description/share/uwaba_prototype_description//meshes/dae/right.tracks.dae
[2.167s] -- Installing: /home/frantches/ros2-uwaba-prototype/packages/install/uwaba_prototype_description/share/uwaba_prototype_description//meshes/dae/Cube.002.dae_history.log
[2.169s] -- Installing: /home/frantches/ros2-uwaba-prototype/packages/install/uwaba_prototype_description/share/uwaba_prototype_description//meshes/dae/left.tracks.dae_history.log
[2.169s] -- Installing: /home/frantches/ros2-uwaba-prototype/packages/install/uwaba_prototype_description/share/uwaba_prototype_description//meshes/dae/right.tracks.dae_history.log
[2.169s] -- Installing: /home/frantches/ros2-uwaba-prototype/packages/install/uwaba_prototype_description/share/uwaba_prototype_description//meshes/dae/Cube.002.dae
[2.171s] -- Installing: /home/frantches/ros2-uwaba-prototype/packages/install/uwaba_prototype_description/share/uwaba_prototype_description//meshes/dae_old
[2.171s] -- Installing: /home/frantches/ros2-uwaba-prototype/packages/install/uwaba_prototype_description/share/uwaba_prototype_description//meshes/dae_old/right.tracks.dae_history.log
[2.171s] -- Installing: /home/frantches/ros2-uwaba-prototype/packages/install/uwaba_prototype_description/share/uwaba_prototype_description//meshes/dae_old/Cube.002.dae_history.log
[2.172s] -- Installing: /home/frantches/ros2-uwaba-prototype/packages/install/uwaba_prototype_description/share/uwaba_prototype_description//meshes/dae_old/right.tracks.dae
[2.175s] -- Installing: /home/frantches/ros2-uwaba-prototype/packages/install/uwaba_prototype_description/share/uwaba_prototype_description//meshes/dae_old/left.tracks.dae_history.log
[2.176s] -- Installing: /home/frantches/ros2-uwaba-prototype/packages/install/uwaba_prototype_description/share/uwaba_prototype_description//meshes/dae_old/Cube.002.dae
[2.178s] -- Installing: /home/frantches/ros2-uwaba-prototype/packages/install/uwaba_prototype_description/share/uwaba_prototype_description//meshes/dae_old/left.tracks.dae
[2.182s] -- Installing: /home/frantches/ros2-uwaba-prototype/packages/install/uwaba_prototype_description/share/uwaba_prototype_description//rviz
[2.182s] -- Installing: /home/frantches/ros2-uwaba-prototype/packages/install/uwaba_prototype_description/share/uwaba_prototype_description//rviz/urdf_config.rviz
[2.183s] -- Installing: /home/frantches/ros2-uwaba-prototype/packages/install/uwaba_prototype_description/share/uwaba_prototype_description//urdf
[2.183s] -- Installing: /home/frantches/ros2-uwaba-prototype/packages/install/uwaba_prototype_description/share/uwaba_prototype_description//urdf/uwaba_prototype-bkup.urdf
[2.183s] -- Installing: /home/frantches/ros2-uwaba-prototype/packages/install/uwaba_prototype_description/share/uwaba_prototype_description//urdf/uwaba_prototype.urdf
[2.184s] -- Installing: /home/frantches/ros2-uwaba-prototype/packages/install/uwaba_prototype_description/share/uwaba_prototype_description//urdf/uwaba_prototype_misplaced_sup.urdf
[2.185s] -- Installing: /home/frantches/ros2-uwaba-prototype/packages/install/uwaba_prototype_description/share/ament_index/resource_index/package_run_dependencies/uwaba_prototype_description
[2.185s] -- Installing: /home/frantches/ros2-uwaba-prototype/packages/install/uwaba_prototype_description/share/ament_index/resource_index/parent_prefix_path/uwaba_prototype_description
[2.185s] -- Installing: /home/frantches/ros2-uwaba-prototype/packages/install/uwaba_prototype_description/share/uwaba_prototype_description/environment/ament_prefix_path.sh
[2.186s] -- Installing: /home/frantches/ros2-uwaba-prototype/packages/install/uwaba_prototype_description/share/uwaba_prototype_description/environment/ament_prefix_path.dsv
[2.186s] -- Installing: /home/frantches/ros2-uwaba-prototype/packages/install/uwaba_prototype_description/share/uwaba_prototype_description/environment/path.sh
[2.186s] -- Installing: /home/frantches/ros2-uwaba-prototype/packages/install/uwaba_prototype_description/share/uwaba_prototype_description/environment/path.dsv
[2.187s] -- Installing: /home/frantches/ros2-uwaba-prototype/packages/install/uwaba_prototype_description/share/uwaba_prototype_description/local_setup.bash
[2.187s] -- Installing: /home/frantches/ros2-uwaba-prototype/packages/install/uwaba_prototype_description/share/uwaba_prototype_description/local_setup.sh
[2.187s] -- Installing: /home/frantches/ros2-uwaba-prototype/packages/install/uwaba_prototype_description/share/uwaba_prototype_description/local_setup.zsh
[2.188s] -- Installing: /home/frantches/ros2-uwaba-prototype/packages/install/uwaba_prototype_description/share/uwaba_prototype_description/local_setup.dsv
[2.188s] -- Installing: /home/frantches/ros2-uwaba-prototype/packages/install/uwaba_prototype_description/share/uwaba_prototype_description/package.dsv
[2.189s] -- Installing: /home/frantches/ros2-uwaba-prototype/packages/install/uwaba_prototype_description/share/ament_index/resource_index/packages/uwaba_prototype_description
[2.189s] -- Installing: /home/frantches/ros2-uwaba-prototype/packages/install/uwaba_prototype_description/share/uwaba_prototype_description/cmake/uwaba_prototype_descriptionConfig.cmake
[2.189s] -- Installing: /home/frantches/ros2-uwaba-prototype/packages/install/uwaba_prototype_description/share/uwaba_prototype_description/cmake/uwaba_prototype_descriptionConfig-version.cmake
[2.190s] -- Installing: /home/frantches/ros2-uwaba-prototype/packages/install/uwaba_prototype_description/share/uwaba_prototype_description/package.xml
[2.192s] Invoked command in '/home/frantches/ros2-uwaba-prototype/packages/build/uwaba_prototype_description' returned '0': CMAKE_PREFIX_PATH=/opt/ros/humble /usr/bin/cmake --install /home/frantches/ros2-uwaba-prototype/packages/build/uwaba_prototype_description
