[0.172s] DEBUG:colcon:Command line arguments: ['/usr/bin/colcon', 'build']
[0.172s] DEBUG:colcon:Parsed command line arguments: Namespace(log_base=None, log_level=None, verb_name='build', build_base='build', install_base='install', merge_install=False, symlink_install=False, test_result_base=None, continue_on_error=False, executor='parallel', parallel_workers=4, event_handlers=None, ignore_user_meta=False, metas=['./colcon.meta'], base_paths=['.'], packages_ignore=None, packages_ignore_regex=None, paths=None, packages_up_to=None, packages_up_to_regex=None, packages_above=None, packages_above_and_dependencies=None, packages_above_depth=None, packages_select_by_dep=None, packages_skip_by_dep=None, packages_skip_up_to=None, packages_select_build_failed=False, packages_skip_build_finished=False, packages_select_test_failures=False, packages_skip_test_passed=False, packages_select=None, packages_skip=None, packages_select_regex=None, packages_skip_regex=None, packages_start=None, packages_end=None, allow_overriding=[], cmake_args=None, cmake_target=None, cmake_target_skip_unavailable=False, cmake_clean_cache=False, cmake_clean_first=False, cmake_force_configure=False, ament_cmake_args=None, catkin_cmake_args=None, catkin_skip_building_tests=False, verb_parser=<colcon_defaults.argument_parser.defaults.DefaultArgumentsDecorator object at 0x786c71f2cca0>, verb_extension=<colcon_core.verb.build.BuildVerb object at 0x786c72025900>, main=<bound method BuildVerb.main of <colcon_core.verb.build.BuildVerb object at 0x786c72025900>>)
[0.493s] Level 1:colcon.colcon_core.package_discovery:discover_packages(colcon_meta) check parameters
[0.493s] Level 1:colcon.colcon_core.package_discovery:discover_packages(recursive) check parameters
[0.493s] Level 1:colcon.colcon_core.package_discovery:discover_packages(ignore) check parameters
[0.493s] Level 1:colcon.colcon_core.package_discovery:discover_packages(path) check parameters
[0.493s] Level 1:colcon.colcon_core.package_discovery:discover_packages(colcon_meta) discover
[0.493s] Level 1:colcon.colcon_core.package_discovery:discover_packages(recursive) discover
[0.494s] INFO:colcon.colcon_core.package_discovery:Crawling recursively for packages in '/home/frantches/ros2-uwaba-prototype/packages'
[0.494s] Level 1:colcon.colcon_core.package_identification:_identify(.) by extensions ['ignore', 'ignore_ament_install']
[0.494s] Level 1:colcon.colcon_core.package_identification:_identify(.) by extension 'ignore'
[0.494s] Level 1:colcon.colcon_core.package_identification:_identify(.) by extension 'ignore_ament_install'
[0.494s] Level 1:colcon.colcon_core.package_identification:_identify(.) by extensions ['colcon_pkg']
[0.494s] Level 1:colcon.colcon_core.package_identification:_identify(.) by extension 'colcon_pkg'
[0.495s] Level 1:colcon.colcon_core.package_identification:_identify(.) by extensions ['colcon_meta']
[0.495s] Level 1:colcon.colcon_core.package_identification:_identify(.) by extension 'colcon_meta'
[0.495s] Level 1:colcon.colcon_core.package_identification:_identify(.) by extensions ['ros']
[0.495s] Level 1:colcon.colcon_core.package_identification:_identify(.) by extension 'ros'
[0.515s] Level 1:colcon.colcon_core.package_identification:_identify(.) by extensions ['cmake', 'python']
[0.515s] Level 1:colcon.colcon_core.package_identification:_identify(.) by extension 'cmake'
[0.515s] Level 1:colcon.colcon_core.package_identification:_identify(.) by extension 'python'
[0.515s] Level 1:colcon.colcon_core.package_identification:_identify(.) by extensions ['python_setup_py']
[0.515s] Level 1:colcon.colcon_core.package_identification:_identify(.) by extension 'python_setup_py'
[0.515s] Level 1:colcon.colcon_core.package_identification:_identify(build) by extensions ['ignore', 'ignore_ament_install']
[0.516s] Level 1:colcon.colcon_core.package_identification:_identify(build) by extension 'ignore'
[0.516s] Level 1:colcon.colcon_core.package_identification:_identify(build) ignored
[0.516s] Level 1:colcon.colcon_core.package_identification:_identify(install) by extensions ['ignore', 'ignore_ament_install']
[0.516s] Level 1:colcon.colcon_core.package_identification:_identify(install) by extension 'ignore'
[0.516s] Level 1:colcon.colcon_core.package_identification:_identify(install) ignored
[0.516s] Level 1:colcon.colcon_core.package_identification:_identify(log) by extensions ['ignore', 'ignore_ament_install']
[0.516s] Level 1:colcon.colcon_core.package_identification:_identify(log) by extension 'ignore'
[0.516s] Level 1:colcon.colcon_core.package_identification:_identify(log) ignored
[0.517s] Level 1:colcon.colcon_core.package_identification:_identify(src) by extensions ['ignore', 'ignore_ament_install']
[0.517s] Level 1:colcon.colcon_core.package_identification:_identify(src) by extension 'ignore'
[0.517s] Level 1:colcon.colcon_core.package_identification:_identify(src) by extension 'ignore_ament_install'
[0.517s] Level 1:colcon.colcon_core.package_identification:_identify(src) by extensions ['colcon_pkg']
[0.517s] Level 1:colcon.colcon_core.package_identification:_identify(src) by extension 'colcon_pkg'
[0.517s] Level 1:colcon.colcon_core.package_identification:_identify(src) by extensions ['colcon_meta']
[0.517s] Level 1:colcon.colcon_core.package_identification:_identify(src) by extension 'colcon_meta'
[0.517s] Level 1:colcon.colcon_core.package_identification:_identify(src) by extensions ['ros']
[0.517s] Level 1:colcon.colcon_core.package_identification:_identify(src) by extension 'ros'
[0.518s] Level 1:colcon.colcon_core.package_identification:_identify(src) by extensions ['cmake', 'python']
[0.518s] Level 1:colcon.colcon_core.package_identification:_identify(src) by extension 'cmake'
[0.518s] Level 1:colcon.colcon_core.package_identification:_identify(src) by extension 'python'
[0.518s] Level 1:colcon.colcon_core.package_identification:_identify(src) by extensions ['python_setup_py']
[0.518s] Level 1:colcon.colcon_core.package_identification:_identify(src) by extension 'python_setup_py'
[0.518s] Level 1:colcon.colcon_core.package_identification:_identify(src/uwaba_prototype_description) by extensions ['ignore', 'ignore_ament_install']
[0.518s] Level 1:colcon.colcon_core.package_identification:_identify(src/uwaba_prototype_description) by extension 'ignore'
[0.518s] Level 1:colcon.colcon_core.package_identification:_identify(src/uwaba_prototype_description) by extension 'ignore_ament_install'
[0.518s] Level 1:colcon.colcon_core.package_identification:_identify(src/uwaba_prototype_description) by extensions ['colcon_pkg']
[0.518s] Level 1:colcon.colcon_core.package_identification:_identify(src/uwaba_prototype_description) by extension 'colcon_pkg'
[0.519s] Level 1:colcon.colcon_core.package_identification:_identify(src/uwaba_prototype_description) by extensions ['colcon_meta']
[0.519s] Level 1:colcon.colcon_core.package_identification:_identify(src/uwaba_prototype_description) by extension 'colcon_meta'
[0.519s] Level 1:colcon.colcon_core.package_identification:_identify(src/uwaba_prototype_description) by extensions ['ros']
[0.519s] Level 1:colcon.colcon_core.package_identification:_identify(src/uwaba_prototype_description) by extension 'ros'
[0.522s] DEBUG:colcon.colcon_core.package_identification:Package 'src/uwaba_prototype_description' with type 'ros.ament_cmake' and name 'uwaba_prototype_description'
[0.523s] Level 1:colcon.colcon_core.package_identification:_identify(src/uwaba_prototype_testes) by extensions ['ignore', 'ignore_ament_install']
[0.523s] Level 1:colcon.colcon_core.package_identification:_identify(src/uwaba_prototype_testes) by extension 'ignore'
[0.523s] Level 1:colcon.colcon_core.package_identification:_identify(src/uwaba_prototype_testes) by extension 'ignore_ament_install'
[0.523s] Level 1:colcon.colcon_core.package_identification:_identify(src/uwaba_prototype_testes) by extensions ['colcon_pkg']
[0.523s] Level 1:colcon.colcon_core.package_identification:_identify(src/uwaba_prototype_testes) by extension 'colcon_pkg'
[0.523s] Level 1:colcon.colcon_core.package_identification:_identify(src/uwaba_prototype_testes) by extensions ['colcon_meta']
[0.523s] Level 1:colcon.colcon_core.package_identification:_identify(src/uwaba_prototype_testes) by extension 'colcon_meta'
[0.524s] Level 1:colcon.colcon_core.package_identification:_identify(src/uwaba_prototype_testes) by extensions ['ros']
[0.524s] Level 1:colcon.colcon_core.package_identification:_identify(src/uwaba_prototype_testes) by extension 'ros'
[0.525s] DEBUG:colcon.colcon_core.package_identification:Package 'src/uwaba_prototype_testes' with type 'ros.ament_python' and name 'uwaba_prototype_testes'
[0.525s] Level 1:colcon.colcon_core.package_discovery:discover_packages(recursive) using defaults
[0.525s] Level 1:colcon.colcon_core.package_discovery:discover_packages(ignore) discover
[0.525s] Level 1:colcon.colcon_core.package_discovery:discover_packages(ignore) using defaults
[0.525s] Level 1:colcon.colcon_core.package_discovery:discover_packages(path) discover
[0.525s] Level 1:colcon.colcon_core.package_discovery:discover_packages(path) using defaults
[0.556s] Level 1:colcon.colcon_core.package_discovery:discover_packages(prefix_path) check parameters
[0.556s] Level 1:colcon.colcon_core.package_discovery:discover_packages(prefix_path) discover
[0.560s] DEBUG:colcon.colcon_installed_package_information.package_discovery:Found 2 installed packages in /home/frantches/ros2-uwaba-prototype/packages/install
[0.562s] DEBUG:colcon.colcon_installed_package_information.package_discovery:Found 318 installed packages in /opt/ros/humble
[0.579s] Level 1:colcon.colcon_core.package_discovery:discover_packages(prefix_path) using defaults
[0.656s] Level 5:colcon.colcon_core.verb:set package 'uwaba_prototype_description' build argument 'cmake_args' from command line to 'None'
[0.656s] Level 5:colcon.colcon_core.verb:set package 'uwaba_prototype_description' build argument 'cmake_target' from command line to 'None'
[0.657s] Level 5:colcon.colcon_core.verb:set package 'uwaba_prototype_description' build argument 'cmake_target_skip_unavailable' from command line to 'False'
[0.657s] Level 5:colcon.colcon_core.verb:set package 'uwaba_prototype_description' build argument 'cmake_clean_cache' from command line to 'False'
[0.657s] Level 5:colcon.colcon_core.verb:set package 'uwaba_prototype_description' build argument 'cmake_clean_first' from command line to 'False'
[0.657s] Level 5:colcon.colcon_core.verb:set package 'uwaba_prototype_description' build argument 'cmake_force_configure' from command line to 'False'
[0.657s] Level 5:colcon.colcon_core.verb:set package 'uwaba_prototype_description' build argument 'ament_cmake_args' from command line to 'None'
[0.657s] Level 5:colcon.colcon_core.verb:set package 'uwaba_prototype_description' build argument 'catkin_cmake_args' from command line to 'None'
[0.657s] Level 5:colcon.colcon_core.verb:set package 'uwaba_prototype_description' build argument 'catkin_skip_building_tests' from command line to 'False'
[0.657s] DEBUG:colcon.colcon_core.verb:Building package 'uwaba_prototype_description' with the following arguments: {'ament_cmake_args': None, 'build_base': '/home/frantches/ros2-uwaba-prototype/packages/build/uwaba_prototype_description', 'catkin_cmake_args': None, 'catkin_skip_building_tests': False, 'cmake_args': None, 'cmake_clean_cache': False, 'cmake_clean_first': False, 'cmake_force_configure': False, 'cmake_target': None, 'cmake_target_skip_unavailable': False, 'install_base': '/home/frantches/ros2-uwaba-prototype/packages/install/uwaba_prototype_description', 'merge_install': False, 'path': '/home/frantches/ros2-uwaba-prototype/packages/src/uwaba_prototype_description', 'symlink_install': False, 'test_result_base': None}
[0.658s] Level 5:colcon.colcon_core.verb:set package 'uwaba_prototype_testes' build argument 'cmake_args' from command line to 'None'
[0.658s] Level 5:colcon.colcon_core.verb:set package 'uwaba_prototype_testes' build argument 'cmake_target' from command line to 'None'
[0.658s] Level 5:colcon.colcon_core.verb:set package 'uwaba_prototype_testes' build argument 'cmake_target_skip_unavailable' from command line to 'False'
[0.658s] Level 5:colcon.colcon_core.verb:set package 'uwaba_prototype_testes' build argument 'cmake_clean_cache' from command line to 'False'
[0.658s] Level 5:colcon.colcon_core.verb:set package 'uwaba_prototype_testes' build argument 'cmake_clean_first' from command line to 'False'
[0.658s] Level 5:colcon.colcon_core.verb:set package 'uwaba_prototype_testes' build argument 'cmake_force_configure' from command line to 'False'
[0.658s] Level 5:colcon.colcon_core.verb:set package 'uwaba_prototype_testes' build argument 'ament_cmake_args' from command line to 'None'
[0.658s] Level 5:colcon.colcon_core.verb:set package 'uwaba_prototype_testes' build argument 'catkin_cmake_args' from command line to 'None'
[0.658s] Level 5:colcon.colcon_core.verb:set package 'uwaba_prototype_testes' build argument 'catkin_skip_building_tests' from command line to 'False'
[0.658s] DEBUG:colcon.colcon_core.verb:Building package 'uwaba_prototype_testes' with the following arguments: {'ament_cmake_args': None, 'build_base': '/home/frantches/ros2-uwaba-prototype/packages/build/uwaba_prototype_testes', 'catkin_cmake_args': None, 'catkin_skip_building_tests': False, 'cmake_args': None, 'cmake_clean_cache': False, 'cmake_clean_first': False, 'cmake_force_configure': False, 'cmake_target': None, 'cmake_target_skip_unavailable': False, 'install_base': '/home/frantches/ros2-uwaba-prototype/packages/install/uwaba_prototype_testes', 'merge_install': False, 'path': '/home/frantches/ros2-uwaba-prototype/packages/src/uwaba_prototype_testes', 'symlink_install': False, 'test_result_base': None}
[0.658s] INFO:colcon.colcon_core.executor:Executing jobs using 'parallel' executor
[0.660s] DEBUG:colcon.colcon_parallel_executor.executor.parallel:run_until_complete
[0.660s] INFO:colcon.colcon_ros.task.ament_cmake.build:Building ROS package in '/home/frantches/ros2-uwaba-prototype/packages/src/uwaba_prototype_description' with build type 'ament_cmake'
[0.661s] INFO:colcon.colcon_cmake.task.cmake.build:Building CMake package in '/home/frantches/ros2-uwaba-prototype/packages/src/uwaba_prototype_description'
[0.664s] INFO:colcon.colcon_core.plugin_system:Skipping extension 'colcon_core.shell.bat': Not used on non-Windows systems
[0.665s] INFO:colcon.colcon_core.shell:Skip shell extension 'powershell' for command environment: Not usable outside of PowerShell
[0.665s] DEBUG:colcon.colcon_core.shell:Skip shell extension 'dsv' for command environment
[0.670s] INFO:colcon.colcon_ros.task.ament_python.build:Building ROS package in '/home/frantches/ros2-uwaba-prototype/packages/src/uwaba_prototype_testes' with build type 'ament_python'
[0.671s] Level 1:colcon.colcon_core.shell:create_environment_hook('uwaba_prototype_testes', 'ament_prefix_path')
[0.671s] INFO:colcon.colcon_core.shell:Creating environment hook '/home/frantches/ros2-uwaba-prototype/packages/install/uwaba_prototype_testes/share/uwaba_prototype_testes/hook/ament_prefix_path.ps1'
[0.673s] INFO:colcon.colcon_core.shell:Creating environment descriptor '/home/frantches/ros2-uwaba-prototype/packages/install/uwaba_prototype_testes/share/uwaba_prototype_testes/hook/ament_prefix_path.dsv'
[0.673s] INFO:colcon.colcon_core.shell:Creating environment hook '/home/frantches/ros2-uwaba-prototype/packages/install/uwaba_prototype_testes/share/uwaba_prototype_testes/hook/ament_prefix_path.sh'
[0.675s] INFO:colcon.colcon_core.shell:Skip shell extension 'powershell' for command environment: Not usable outside of PowerShell
[0.675s] DEBUG:colcon.colcon_core.shell:Skip shell extension 'dsv' for command environment
[0.686s] DEBUG:colcon.colcon_core.event_handler.log_command:Invoking command in '/home/frantches/ros2-uwaba-prototype/packages/build/uwaba_prototype_description': CMAKE_PREFIX_PATH=${CMAKE_PREFIX_PATH}:/home/frantches/ros2-uwaba-prototype/packages/install/uwaba_prototype_testes:/opt/ros/humble /usr/bin/cmake --build /home/frantches/ros2-uwaba-prototype/packages/build/uwaba_prototype_description -- -j4 -l4
[1.103s] INFO:colcon.colcon_core.task.python.build:Building Python package in '/home/frantches/ros2-uwaba-prototype/packages/src/uwaba_prototype_testes'
[1.103s] INFO:colcon.colcon_core.shell:Skip shell extension 'powershell' for command environment: Not usable outside of PowerShell
[1.104s] DEBUG:colcon.colcon_core.shell:Skip shell extension 'dsv' for command environment
[1.110s] DEBUG:colcon.colcon_core.event_handler.log_command:Invoked command in '/home/frantches/ros2-uwaba-prototype/packages/build/uwaba_prototype_description' returned '0': CMAKE_PREFIX_PATH=${CMAKE_PREFIX_PATH}:/home/frantches/ros2-uwaba-prototype/packages/install/uwaba_prototype_testes:/opt/ros/humble /usr/bin/cmake --build /home/frantches/ros2-uwaba-prototype/packages/build/uwaba_prototype_description -- -j4 -l4
[1.136s] DEBUG:colcon.colcon_core.event_handler.log_command:Invoking command in '/home/frantches/ros2-uwaba-prototype/packages/build/uwaba_prototype_description': CMAKE_PREFIX_PATH=${CMAKE_PREFIX_PATH}:/home/frantches/ros2-uwaba-prototype/packages/install/uwaba_prototype_testes:/opt/ros/humble /usr/bin/cmake --install /home/frantches/ros2-uwaba-prototype/packages/build/uwaba_prototype_description
[1.147s] Level 1:colcon.colcon_core.environment:create_environment_scripts_only(uwaba_prototype_description)
[1.152s] DEBUG:colcon.colcon_core.event_handler.log_command:Invoked command in '/home/frantches/ros2-uwaba-prototype/packages/build/uwaba_prototype_description' returned '0': CMAKE_PREFIX_PATH=${CMAKE_PREFIX_PATH}:/home/frantches/ros2-uwaba-prototype/packages/install/uwaba_prototype_testes:/opt/ros/humble /usr/bin/cmake --install /home/frantches/ros2-uwaba-prototype/packages/build/uwaba_prototype_description
[1.154s] Level 1:colcon.colcon_core.environment:checking '/home/frantches/ros2-uwaba-prototype/packages/install/uwaba_prototype_description' for CMake module files
[1.155s] Level 1:colcon.colcon_core.environment:checking '/home/frantches/ros2-uwaba-prototype/packages/install/uwaba_prototype_description' for CMake config files
[1.156s] Level 1:colcon.colcon_core.shell:create_environment_hook('uwaba_prototype_description', 'cmake_prefix_path')
[1.157s] INFO:colcon.colcon_core.shell:Creating environment hook '/home/frantches/ros2-uwaba-prototype/packages/install/uwaba_prototype_description/share/uwaba_prototype_description/hook/cmake_prefix_path.ps1'
[1.157s] INFO:colcon.colcon_core.shell:Creating environment descriptor '/home/frantches/ros2-uwaba-prototype/packages/install/uwaba_prototype_description/share/uwaba_prototype_description/hook/cmake_prefix_path.dsv'
[1.158s] INFO:colcon.colcon_core.shell:Creating environment hook '/home/frantches/ros2-uwaba-prototype/packages/install/uwaba_prototype_description/share/uwaba_prototype_description/hook/cmake_prefix_path.sh'
[1.159s] Level 1:colcon.colcon_core.environment:checking '/home/frantches/ros2-uwaba-prototype/packages/install/uwaba_prototype_description/bin'
[1.159s] Level 1:colcon.colcon_core.environment:checking '/home/frantches/ros2-uwaba-prototype/packages/install/uwaba_prototype_description/lib/pkgconfig/uwaba_prototype_description.pc'
[1.159s] Level 1:colcon.colcon_core.environment:checking '/home/frantches/ros2-uwaba-prototype/packages/install/uwaba_prototype_description/lib/python3.10/site-packages'
[1.159s] Level 1:colcon.colcon_core.environment:checking '/home/frantches/ros2-uwaba-prototype/packages/install/uwaba_prototype_description/bin'
[1.160s] INFO:colcon.colcon_core.shell:Creating package script '/home/frantches/ros2-uwaba-prototype/packages/install/uwaba_prototype_description/share/uwaba_prototype_description/package.ps1'
[1.161s] INFO:colcon.colcon_core.shell:Creating package descriptor '/home/frantches/ros2-uwaba-prototype/packages/install/uwaba_prototype_description/share/uwaba_prototype_description/package.dsv'
[1.162s] INFO:colcon.colcon_core.shell:Creating package script '/home/frantches/ros2-uwaba-prototype/packages/install/uwaba_prototype_description/share/uwaba_prototype_description/package.sh'
[1.163s] INFO:colcon.colcon_core.shell:Creating package script '/home/frantches/ros2-uwaba-prototype/packages/install/uwaba_prototype_description/share/uwaba_prototype_description/package.bash'
[1.164s] INFO:colcon.colcon_core.shell:Creating package script '/home/frantches/ros2-uwaba-prototype/packages/install/uwaba_prototype_description/share/uwaba_prototype_description/package.zsh'
[1.165s] Level 1:colcon.colcon_core.environment:create_file_with_runtime_dependencies(/home/frantches/ros2-uwaba-prototype/packages/install/uwaba_prototype_description/share/colcon-core/packages/uwaba_prototype_description)
[1.184s] Level 1:colcon.colcon_core.environment:create_environment_scripts_only(uwaba_prototype_description)
[1.185s] Level 1:colcon.colcon_core.environment:checking '/home/frantches/ros2-uwaba-prototype/packages/install/uwaba_prototype_description' for CMake module files
[1.186s] Level 1:colcon.colcon_core.environment:checking '/home/frantches/ros2-uwaba-prototype/packages/install/uwaba_prototype_description' for CMake config files
[1.187s] Level 1:colcon.colcon_core.shell:create_environment_hook('uwaba_prototype_description', 'cmake_prefix_path')
[1.187s] INFO:colcon.colcon_core.shell:Creating environment hook '/home/frantches/ros2-uwaba-prototype/packages/install/uwaba_prototype_description/share/uwaba_prototype_description/hook/cmake_prefix_path.ps1'
[1.188s] INFO:colcon.colcon_core.shell:Creating environment descriptor '/home/frantches/ros2-uwaba-prototype/packages/install/uwaba_prototype_description/share/uwaba_prototype_description/hook/cmake_prefix_path.dsv'
[1.189s] INFO:colcon.colcon_core.shell:Creating environment hook '/home/frantches/ros2-uwaba-prototype/packages/install/uwaba_prototype_description/share/uwaba_prototype_description/hook/cmake_prefix_path.sh'
[1.190s] Level 1:colcon.colcon_core.environment:checking '/home/frantches/ros2-uwaba-prototype/packages/install/uwaba_prototype_description/bin'
[1.190s] Level 1:colcon.colcon_core.environment:checking '/home/frantches/ros2-uwaba-prototype/packages/install/uwaba_prototype_description/lib/pkgconfig/uwaba_prototype_description.pc'
[1.190s] Level 1:colcon.colcon_core.environment:checking '/home/frantches/ros2-uwaba-prototype/packages/install/uwaba_prototype_description/lib/python3.10/site-packages'
[1.191s] Level 1:colcon.colcon_core.environment:checking '/home/frantches/ros2-uwaba-prototype/packages/install/uwaba_prototype_description/bin'
[1.191s] INFO:colcon.colcon_core.shell:Creating package script '/home/frantches/ros2-uwaba-prototype/packages/install/uwaba_prototype_description/share/uwaba_prototype_description/package.ps1'
[1.192s] INFO:colcon.colcon_core.shell:Creating package descriptor '/home/frantches/ros2-uwaba-prototype/packages/install/uwaba_prototype_description/share/uwaba_prototype_description/package.dsv'
[1.193s] INFO:colcon.colcon_core.shell:Creating package script '/home/frantches/ros2-uwaba-prototype/packages/install/uwaba_prototype_description/share/uwaba_prototype_description/package.sh'
[1.193s] INFO:colcon.colcon_core.shell:Creating package script '/home/frantches/ros2-uwaba-prototype/packages/install/uwaba_prototype_description/share/uwaba_prototype_description/package.bash'
[1.194s] INFO:colcon.colcon_core.shell:Creating package script '/home/frantches/ros2-uwaba-prototype/packages/install/uwaba_prototype_description/share/uwaba_prototype_description/package.zsh'
[1.194s] Level 1:colcon.colcon_core.environment:create_file_with_runtime_dependencies(/home/frantches/ros2-uwaba-prototype/packages/install/uwaba_prototype_description/share/colcon-core/packages/uwaba_prototype_description)
[1.656s] DEBUG:colcon.colcon_core.event_handler.log_command:Invoking command in '/home/frantches/ros2-uwaba-prototype/packages/build/uwaba_prototype_testes': PYTHONPATH=/home/frantches/ros2-uwaba-prototype/packages/build/uwaba_prototype_testes/prefix_override:/home/frantches/ros2-uwaba-prototype/packages/install/uwaba_prototype_testes/lib/python3.10/site-packages:${PYTHONPATH} /usr/bin/python3 -W ignore:setup.py install is deprecated setup.py develop --uninstall --editable --build-directory /home/frantches/ros2-uwaba-prototype/packages/build/uwaba_prototype_testes/build
[2.378s] DEBUG:colcon.colcon_core.event_handler.log_command:Invoked command in '/home/frantches/ros2-uwaba-prototype/packages/build/uwaba_prototype_testes' returned '0': PYTHONPATH=/home/frantches/ros2-uwaba-prototype/packages/build/uwaba_prototype_testes/prefix_override:/home/frantches/ros2-uwaba-prototype/packages/install/uwaba_prototype_testes/lib/python3.10/site-packages:${PYTHONPATH} /usr/bin/python3 -W ignore:setup.py install is deprecated setup.py develop --uninstall --editable --build-directory /home/frantches/ros2-uwaba-prototype/packages/build/uwaba_prototype_testes/build
[2.381s] DEBUG:colcon.colcon_core.event_handler.log_command:Invoking command in '/home/frantches/ros2-uwaba-prototype/packages/src/uwaba_prototype_testes': PYTHONPATH=/home/frantches/ros2-uwaba-prototype/packages/build/uwaba_prototype_testes/prefix_override:/home/frantches/ros2-uwaba-prototype/packages/install/uwaba_prototype_testes/lib/python3.10/site-packages:${PYTHONPATH} /usr/bin/python3 -W ignore:setup.py install is deprecated setup.py egg_info --egg-base ../../build/uwaba_prototype_testes build --build-base /home/frantches/ros2-uwaba-prototype/packages/build/uwaba_prototype_testes/build install --record /home/frantches/ros2-uwaba-prototype/packages/build/uwaba_prototype_testes/install.log --single-version-externally-managed install_data --force
[2.838s] Level 1:colcon.colcon_core.environment:checking '/home/frantches/ros2-uwaba-prototype/packages/install/uwaba_prototype_testes' for CMake module files
[2.839s] DEBUG:colcon.colcon_core.event_handler.log_command:Invoked command in '/home/frantches/ros2-uwaba-prototype/packages/src/uwaba_prototype_testes' returned '0': PYTHONPATH=/home/frantches/ros2-uwaba-prototype/packages/build/uwaba_prototype_testes/prefix_override:/home/frantches/ros2-uwaba-prototype/packages/install/uwaba_prototype_testes/lib/python3.10/site-packages:${PYTHONPATH} /usr/bin/python3 -W ignore:setup.py install is deprecated setup.py egg_info --egg-base ../../build/uwaba_prototype_testes build --build-base /home/frantches/ros2-uwaba-prototype/packages/build/uwaba_prototype_testes/build install --record /home/frantches/ros2-uwaba-prototype/packages/build/uwaba_prototype_testes/install.log --single-version-externally-managed install_data --force
[2.840s] Level 1:colcon.colcon_core.environment:checking '/home/frantches/ros2-uwaba-prototype/packages/install/uwaba_prototype_testes' for CMake config files
[2.841s] Level 1:colcon.colcon_core.environment:checking '/home/frantches/ros2-uwaba-prototype/packages/install/uwaba_prototype_testes/lib'
[2.841s] Level 1:colcon.colcon_core.environment:checking '/home/frantches/ros2-uwaba-prototype/packages/install/uwaba_prototype_testes/bin'
[2.841s] Level 1:colcon.colcon_core.environment:checking '/home/frantches/ros2-uwaba-prototype/packages/install/uwaba_prototype_testes/lib/pkgconfig/uwaba_prototype_testes.pc'
[2.842s] Level 1:colcon.colcon_core.environment:checking '/home/frantches/ros2-uwaba-prototype/packages/install/uwaba_prototype_testes/lib/python3.10/site-packages'
[2.842s] Level 1:colcon.colcon_core.shell:create_environment_hook('uwaba_prototype_testes', 'pythonpath')
[2.842s] INFO:colcon.colcon_core.shell:Creating environment hook '/home/frantches/ros2-uwaba-prototype/packages/install/uwaba_prototype_testes/share/uwaba_prototype_testes/hook/pythonpath.ps1'
[2.843s] INFO:colcon.colcon_core.shell:Creating environment descriptor '/home/frantches/ros2-uwaba-prototype/packages/install/uwaba_prototype_testes/share/uwaba_prototype_testes/hook/pythonpath.dsv'
[2.843s] INFO:colcon.colcon_core.shell:Creating environment hook '/home/frantches/ros2-uwaba-prototype/packages/install/uwaba_prototype_testes/share/uwaba_prototype_testes/hook/pythonpath.sh'
[2.844s] Level 1:colcon.colcon_core.environment:checking '/home/frantches/ros2-uwaba-prototype/packages/install/uwaba_prototype_testes/bin'
[2.844s] Level 1:colcon.colcon_core.environment:create_environment_scripts_only(uwaba_prototype_testes)
[2.845s] INFO:colcon.colcon_core.shell:Creating package script '/home/frantches/ros2-uwaba-prototype/packages/install/uwaba_prototype_testes/share/uwaba_prototype_testes/package.ps1'
[2.845s] INFO:colcon.colcon_core.shell:Creating package descriptor '/home/frantches/ros2-uwaba-prototype/packages/install/uwaba_prototype_testes/share/uwaba_prototype_testes/package.dsv'
[2.846s] INFO:colcon.colcon_core.shell:Creating package script '/home/frantches/ros2-uwaba-prototype/packages/install/uwaba_prototype_testes/share/uwaba_prototype_testes/package.sh'
[2.846s] INFO:colcon.colcon_core.shell:Creating package script '/home/frantches/ros2-uwaba-prototype/packages/install/uwaba_prototype_testes/share/uwaba_prototype_testes/package.bash'
[2.847s] INFO:colcon.colcon_core.shell:Creating package script '/home/frantches/ros2-uwaba-prototype/packages/install/uwaba_prototype_testes/share/uwaba_prototype_testes/package.zsh'
[2.847s] Level 1:colcon.colcon_core.environment:create_file_with_runtime_dependencies(/home/frantches/ros2-uwaba-prototype/packages/install/uwaba_prototype_testes/share/colcon-core/packages/uwaba_prototype_testes)
[2.847s] DEBUG:colcon.colcon_parallel_executor.executor.parallel:closing loop
[2.848s] DEBUG:colcon.colcon_parallel_executor.executor.parallel:loop closed
[2.848s] DEBUG:colcon.colcon_parallel_executor.executor.parallel:run_until_complete finished with '0'
[2.848s] DEBUG:colcon.colcon_core.event_reactor:joining thread
[2.856s] INFO:colcon.colcon_core.plugin_system:Skipping extension 'colcon_notification.desktop_notification.terminal_notifier': Not used on non-Darwin systems
[2.856s] INFO:colcon.colcon_core.plugin_system:Skipping extension 'colcon_notification.desktop_notification.win32': Not used on non-Windows systems
[2.856s] INFO:colcon.colcon_notification.desktop_notification:Sending desktop notification using 'notify2'
[3.252s] DEBUG:colcon.colcon_core.event_reactor:joined thread
[3.252s] INFO:colcon.colcon_core.shell:Creating prefix script '/home/frantches/ros2-uwaba-prototype/packages/install/local_setup.ps1'
[3.254s] INFO:colcon.colcon_core.shell:Creating prefix util module '/home/frantches/ros2-uwaba-prototype/packages/install/_local_setup_util_ps1.py'
[3.256s] INFO:colcon.colcon_core.shell:Creating prefix chain script '/home/frantches/ros2-uwaba-prototype/packages/install/setup.ps1'
[3.258s] INFO:colcon.colcon_core.shell:Creating prefix script '/home/frantches/ros2-uwaba-prototype/packages/install/local_setup.sh'
[3.258s] INFO:colcon.colcon_core.shell:Creating prefix util module '/home/frantches/ros2-uwaba-prototype/packages/install/_local_setup_util_sh.py'
[3.259s] INFO:colcon.colcon_core.shell:Creating prefix chain script '/home/frantches/ros2-uwaba-prototype/packages/install/setup.sh'
[3.261s] INFO:colcon.colcon_core.shell:Creating prefix script '/home/frantches/ros2-uwaba-prototype/packages/install/local_setup.bash'
[3.262s] INFO:colcon.colcon_core.shell:Creating prefix chain script '/home/frantches/ros2-uwaba-prototype/packages/install/setup.bash'
[3.263s] INFO:colcon.colcon_core.shell:Creating prefix script '/home/frantches/ros2-uwaba-prototype/packages/install/local_setup.zsh'
[3.264s] INFO:colcon.colcon_core.shell:Creating prefix chain script '/home/frantches/ros2-uwaba-prototype/packages/install/setup.zsh'
