[0.225s] DEBUG:colcon:Command line arguments: ['/usr/bin/colcon', 'build']
[0.225s] DEBUG:colcon:Parsed command line arguments: Namespace(log_base=None, log_level=None, verb_name='build', build_base='build', install_base='install', merge_install=False, symlink_install=False, test_result_base=None, continue_on_error=False, executor='parallel', parallel_workers=4, event_handlers=None, ignore_user_meta=False, metas=['./colcon.meta'], base_paths=['.'], packages_ignore=None, packages_ignore_regex=None, paths=None, packages_up_to=None, packages_up_to_regex=None, packages_above=None, packages_above_and_dependencies=None, packages_above_depth=None, packages_select_by_dep=None, packages_skip_by_dep=None, packages_skip_up_to=None, packages_select_build_failed=False, packages_skip_build_finished=False, packages_select_test_failures=False, packages_skip_test_passed=False, packages_select=None, packages_skip=None, packages_select_regex=None, packages_skip_regex=None, packages_start=None, packages_end=None, allow_overriding=[], cmake_args=None, cmake_target=None, cmake_target_skip_unavailable=False, cmake_clean_cache=False, cmake_clean_first=False, cmake_force_configure=False, ament_cmake_args=None, catkin_cmake_args=None, catkin_skip_building_tests=False, verb_parser=<colcon_defaults.argument_parser.defaults.DefaultArgumentsDecorator object at 0x7f0112214790>, verb_extension=<colcon_core.verb.build.BuildVerb object at 0x7f01123053f0>, main=<bound method BuildVerb.main of <colcon_core.verb.build.BuildVerb object at 0x7f01123053f0>>)
[0.562s] Level 1:colcon.colcon_core.package_discovery:discover_packages(colcon_meta) check parameters
[0.563s] Level 1:colcon.colcon_core.package_discovery:discover_packages(recursive) check parameters
[0.563s] Level 1:colcon.colcon_core.package_discovery:discover_packages(ignore) check parameters
[0.563s] Level 1:colcon.colcon_core.package_discovery:discover_packages(path) check parameters
[0.564s] Level 1:colcon.colcon_core.package_discovery:discover_packages(colcon_meta) discover
[0.564s] Level 1:colcon.colcon_core.package_discovery:discover_packages(recursive) discover
[0.564s] INFO:colcon.colcon_core.package_discovery:Crawling recursively for packages in '/home/frantches/ros2-uwaba-prototype/packages'
[0.565s] Level 1:colcon.colcon_core.package_identification:_identify(.) by extensions ['ignore', 'ignore_ament_install']
[0.565s] Level 1:colcon.colcon_core.package_identification:_identify(.) by extension 'ignore'
[0.565s] Level 1:colcon.colcon_core.package_identification:_identify(.) by extension 'ignore_ament_install'
[0.566s] Level 1:colcon.colcon_core.package_identification:_identify(.) by extensions ['colcon_pkg']
[0.566s] Level 1:colcon.colcon_core.package_identification:_identify(.) by extension 'colcon_pkg'
[0.566s] Level 1:colcon.colcon_core.package_identification:_identify(.) by extensions ['colcon_meta']
[0.566s] Level 1:colcon.colcon_core.package_identification:_identify(.) by extension 'colcon_meta'
[0.566s] Level 1:colcon.colcon_core.package_identification:_identify(.) by extensions ['ros']
[0.567s] Level 1:colcon.colcon_core.package_identification:_identify(.) by extension 'ros'
[0.586s] Level 1:colcon.colcon_core.package_identification:_identify(.) by extensions ['cmake', 'python']
[0.586s] Level 1:colcon.colcon_core.package_identification:_identify(.) by extension 'cmake'
[0.587s] Level 1:colcon.colcon_core.package_identification:_identify(.) by extension 'python'
[0.587s] Level 1:colcon.colcon_core.package_identification:_identify(.) by extensions ['python_setup_py']
[0.587s] Level 1:colcon.colcon_core.package_identification:_identify(.) by extension 'python_setup_py'
[0.588s] Level 1:colcon.colcon_core.package_identification:_identify(build) by extensions ['ignore', 'ignore_ament_install']
[0.588s] Level 1:colcon.colcon_core.package_identification:_identify(build) by extension 'ignore'
[0.588s] Level 1:colcon.colcon_core.package_identification:_identify(build) ignored
[0.588s] Level 1:colcon.colcon_core.package_identification:_identify(install) by extensions ['ignore', 'ignore_ament_install']
[0.589s] Level 1:colcon.colcon_core.package_identification:_identify(install) by extension 'ignore'
[0.589s] Level 1:colcon.colcon_core.package_identification:_identify(install) ignored
[0.589s] Level 1:colcon.colcon_core.package_identification:_identify(log) by extensions ['ignore', 'ignore_ament_install']
[0.590s] Level 1:colcon.colcon_core.package_identification:_identify(log) by extension 'ignore'
[0.590s] Level 1:colcon.colcon_core.package_identification:_identify(log) ignored
[0.590s] Level 1:colcon.colcon_core.package_identification:_identify(src) by extensions ['ignore', 'ignore_ament_install']
[0.591s] Level 1:colcon.colcon_core.package_identification:_identify(src) by extension 'ignore'
[0.591s] Level 1:colcon.colcon_core.package_identification:_identify(src) by extension 'ignore_ament_install'
[0.591s] Level 1:colcon.colcon_core.package_identification:_identify(src) by extensions ['colcon_pkg']
[0.591s] Level 1:colcon.colcon_core.package_identification:_identify(src) by extension 'colcon_pkg'
[0.591s] Level 1:colcon.colcon_core.package_identification:_identify(src) by extensions ['colcon_meta']
[0.592s] Level 1:colcon.colcon_core.package_identification:_identify(src) by extension 'colcon_meta'
[0.592s] Level 1:colcon.colcon_core.package_identification:_identify(src) by extensions ['ros']
[0.592s] Level 1:colcon.colcon_core.package_identification:_identify(src) by extension 'ros'
[0.592s] Level 1:colcon.colcon_core.package_identification:_identify(src) by extensions ['cmake', 'python']
[0.593s] Level 1:colcon.colcon_core.package_identification:_identify(src) by extension 'cmake'
[0.593s] Level 1:colcon.colcon_core.package_identification:_identify(src) by extension 'python'
[0.593s] Level 1:colcon.colcon_core.package_identification:_identify(src) by extensions ['python_setup_py']
[0.593s] Level 1:colcon.colcon_core.package_identification:_identify(src) by extension 'python_setup_py'
[0.594s] Level 1:colcon.colcon_core.package_identification:_identify(src/uwaba_prototype_description) by extensions ['ignore', 'ignore_ament_install']
[0.594s] Level 1:colcon.colcon_core.package_identification:_identify(src/uwaba_prototype_description) by extension 'ignore'
[0.594s] Level 1:colcon.colcon_core.package_identification:_identify(src/uwaba_prototype_description) by extension 'ignore_ament_install'
[0.595s] Level 1:colcon.colcon_core.package_identification:_identify(src/uwaba_prototype_description) by extensions ['colcon_pkg']
[0.595s] Level 1:colcon.colcon_core.package_identification:_identify(src/uwaba_prototype_description) by extension 'colcon_pkg'
[0.595s] Level 1:colcon.colcon_core.package_identification:_identify(src/uwaba_prototype_description) by extensions ['colcon_meta']
[0.595s] Level 1:colcon.colcon_core.package_identification:_identify(src/uwaba_prototype_description) by extension 'colcon_meta'
[0.595s] Level 1:colcon.colcon_core.package_identification:_identify(src/uwaba_prototype_description) by extensions ['ros']
[0.596s] Level 1:colcon.colcon_core.package_identification:_identify(src/uwaba_prototype_description) by extension 'ros'
[0.600s] DEBUG:colcon.colcon_core.package_identification:Package 'src/uwaba_prototype_description' with type 'ros.ament_cmake' and name 'uwaba_prototype_description'
[0.601s] Level 1:colcon.colcon_core.package_identification:_identify(src/uwaba_prototype_testes) by extensions ['ignore', 'ignore_ament_install']
[0.601s] Level 1:colcon.colcon_core.package_identification:_identify(src/uwaba_prototype_testes) by extension 'ignore'
[0.601s] Level 1:colcon.colcon_core.package_identification:_identify(src/uwaba_prototype_testes) by extension 'ignore_ament_install'
[0.602s] Level 1:colcon.colcon_core.package_identification:_identify(src/uwaba_prototype_testes) by extensions ['colcon_pkg']
[0.602s] Level 1:colcon.colcon_core.package_identification:_identify(src/uwaba_prototype_testes) by extension 'colcon_pkg'
[0.602s] Level 1:colcon.colcon_core.package_identification:_identify(src/uwaba_prototype_testes) by extensions ['colcon_meta']
[0.602s] Level 1:colcon.colcon_core.package_identification:_identify(src/uwaba_prototype_testes) by extension 'colcon_meta'
[0.602s] Level 1:colcon.colcon_core.package_identification:_identify(src/uwaba_prototype_testes) by extensions ['ros']
[0.603s] Level 1:colcon.colcon_core.package_identification:_identify(src/uwaba_prototype_testes) by extension 'ros'
[0.604s] DEBUG:colcon.colcon_core.package_identification:Package 'src/uwaba_prototype_testes' with type 'ros.ament_python' and name 'uwaba_prototype_testes'
[0.604s] Level 1:colcon.colcon_core.package_discovery:discover_packages(recursive) using defaults
[0.605s] Level 1:colcon.colcon_core.package_discovery:discover_packages(ignore) discover
[0.605s] Level 1:colcon.colcon_core.package_discovery:discover_packages(ignore) using defaults
[0.605s] Level 1:colcon.colcon_core.package_discovery:discover_packages(path) discover
[0.605s] Level 1:colcon.colcon_core.package_discovery:discover_packages(path) using defaults
[0.641s] Level 1:colcon.colcon_core.package_discovery:discover_packages(prefix_path) check parameters
[0.641s] Level 1:colcon.colcon_core.package_discovery:discover_packages(prefix_path) discover
[0.646s] DEBUG:colcon.colcon_installed_package_information.package_discovery:Found 318 installed packages in /opt/ros/humble
[0.674s] Level 1:colcon.colcon_core.package_discovery:discover_packages(prefix_path) using defaults
[0.761s] Level 5:colcon.colcon_core.verb:set package 'uwaba_prototype_description' build argument 'cmake_args' from command line to 'None'
[0.761s] Level 5:colcon.colcon_core.verb:set package 'uwaba_prototype_description' build argument 'cmake_target' from command line to 'None'
[0.761s] Level 5:colcon.colcon_core.verb:set package 'uwaba_prototype_description' build argument 'cmake_target_skip_unavailable' from command line to 'False'
[0.761s] Level 5:colcon.colcon_core.verb:set package 'uwaba_prototype_description' build argument 'cmake_clean_cache' from command line to 'False'
[0.762s] Level 5:colcon.colcon_core.verb:set package 'uwaba_prototype_description' build argument 'cmake_clean_first' from command line to 'False'
[0.762s] Level 5:colcon.colcon_core.verb:set package 'uwaba_prototype_description' build argument 'cmake_force_configure' from command line to 'False'
[0.762s] Level 5:colcon.colcon_core.verb:set package 'uwaba_prototype_description' build argument 'ament_cmake_args' from command line to 'None'
[0.762s] Level 5:colcon.colcon_core.verb:set package 'uwaba_prototype_description' build argument 'catkin_cmake_args' from command line to 'None'
[0.763s] Level 5:colcon.colcon_core.verb:set package 'uwaba_prototype_description' build argument 'catkin_skip_building_tests' from command line to 'False'
[0.763s] DEBUG:colcon.colcon_core.verb:Building package 'uwaba_prototype_description' with the following arguments: {'ament_cmake_args': None, 'build_base': '/home/frantches/ros2-uwaba-prototype/packages/build/uwaba_prototype_description', 'catkin_cmake_args': None, 'catkin_skip_building_tests': False, 'cmake_args': None, 'cmake_clean_cache': False, 'cmake_clean_first': False, 'cmake_force_configure': False, 'cmake_target': None, 'cmake_target_skip_unavailable': False, 'install_base': '/home/frantches/ros2-uwaba-prototype/packages/install/uwaba_prototype_description', 'merge_install': False, 'path': '/home/frantches/ros2-uwaba-prototype/packages/src/uwaba_prototype_description', 'symlink_install': False, 'test_result_base': None}
[0.764s] Level 5:colcon.colcon_core.verb:set package 'uwaba_prototype_testes' build argument 'cmake_args' from command line to 'None'
[0.764s] Level 5:colcon.colcon_core.verb:set package 'uwaba_prototype_testes' build argument 'cmake_target' from command line to 'None'
[0.764s] Level 5:colcon.colcon_core.verb:set package 'uwaba_prototype_testes' build argument 'cmake_target_skip_unavailable' from command line to 'False'
[0.765s] Level 5:colcon.colcon_core.verb:set package 'uwaba_prototype_testes' build argument 'cmake_clean_cache' from command line to 'False'
[0.765s] Level 5:colcon.colcon_core.verb:set package 'uwaba_prototype_testes' build argument 'cmake_clean_first' from command line to 'False'
[0.765s] Level 5:colcon.colcon_core.verb:set package 'uwaba_prototype_testes' build argument 'cmake_force_configure' from command line to 'False'
[0.765s] Level 5:colcon.colcon_core.verb:set package 'uwaba_prototype_testes' build argument 'ament_cmake_args' from command line to 'None'
[0.765s] Level 5:colcon.colcon_core.verb:set package 'uwaba_prototype_testes' build argument 'catkin_cmake_args' from command line to 'None'
[0.766s] Level 5:colcon.colcon_core.verb:set package 'uwaba_prototype_testes' build argument 'catkin_skip_building_tests' from command line to 'False'
[0.766s] DEBUG:colcon.colcon_core.verb:Building package 'uwaba_prototype_testes' with the following arguments: {'ament_cmake_args': None, 'build_base': '/home/frantches/ros2-uwaba-prototype/packages/build/uwaba_prototype_testes', 'catkin_cmake_args': None, 'catkin_skip_building_tests': False, 'cmake_args': None, 'cmake_clean_cache': False, 'cmake_clean_first': False, 'cmake_force_configure': False, 'cmake_target': None, 'cmake_target_skip_unavailable': False, 'install_base': '/home/frantches/ros2-uwaba-prototype/packages/install/uwaba_prototype_testes', 'merge_install': False, 'path': '/home/frantches/ros2-uwaba-prototype/packages/src/uwaba_prototype_testes', 'symlink_install': False, 'test_result_base': None}
[0.766s] INFO:colcon.colcon_core.executor:Executing jobs using 'parallel' executor
[0.768s] DEBUG:colcon.colcon_parallel_executor.executor.parallel:run_until_complete
[0.769s] INFO:colcon.colcon_ros.task.ament_cmake.build:Building ROS package in '/home/frantches/ros2-uwaba-prototype/packages/src/uwaba_prototype_description' with build type 'ament_cmake'
[0.769s] INFO:colcon.colcon_cmake.task.cmake.build:Building CMake package in '/home/frantches/ros2-uwaba-prototype/packages/src/uwaba_prototype_description'
[0.773s] INFO:colcon.colcon_core.plugin_system:Skipping extension 'colcon_core.shell.bat': Not used on non-Windows systems
[0.774s] INFO:colcon.colcon_core.shell:Skip shell extension 'powershell' for command environment: Not usable outside of PowerShell
[0.774s] DEBUG:colcon.colcon_core.shell:Skip shell extension 'dsv' for command environment
[0.779s] INFO:colcon.colcon_ros.task.ament_python.build:Building ROS package in '/home/frantches/ros2-uwaba-prototype/packages/src/uwaba_prototype_testes' with build type 'ament_python'
[0.780s] Level 1:colcon.colcon_core.shell:create_environment_hook('uwaba_prototype_testes', 'ament_prefix_path')
[0.780s] INFO:colcon.colcon_core.shell:Creating environment hook '/home/frantches/ros2-uwaba-prototype/packages/install/uwaba_prototype_testes/share/uwaba_prototype_testes/hook/ament_prefix_path.ps1'
[0.782s] INFO:colcon.colcon_core.shell:Creating environment descriptor '/home/frantches/ros2-uwaba-prototype/packages/install/uwaba_prototype_testes/share/uwaba_prototype_testes/hook/ament_prefix_path.dsv'
[0.783s] INFO:colcon.colcon_core.shell:Creating environment hook '/home/frantches/ros2-uwaba-prototype/packages/install/uwaba_prototype_testes/share/uwaba_prototype_testes/hook/ament_prefix_path.sh'
[0.785s] INFO:colcon.colcon_core.shell:Skip shell extension 'powershell' for command environment: Not usable outside of PowerShell
[0.786s] DEBUG:colcon.colcon_core.shell:Skip shell extension 'dsv' for command environment
[0.808s] DEBUG:colcon.colcon_core.event_handler.log_command:Invoking command in '/home/frantches/ros2-uwaba-prototype/packages/build/uwaba_prototype_description': CMAKE_PREFIX_PATH=/opt/ros/humble /usr/bin/cmake --build /home/frantches/ros2-uwaba-prototype/packages/build/uwaba_prototype_description -- -j4 -l4
[1.335s] INFO:colcon.colcon_core.task.python.build:Building Python package in '/home/frantches/ros2-uwaba-prototype/packages/src/uwaba_prototype_testes'
[1.336s] INFO:colcon.colcon_core.shell:Skip shell extension 'powershell' for command environment: Not usable outside of PowerShell
[1.336s] DEBUG:colcon.colcon_core.shell:Skip shell extension 'dsv' for command environment
[1.343s] DEBUG:colcon.colcon_core.event_handler.log_command:Invoked command in '/home/frantches/ros2-uwaba-prototype/packages/build/uwaba_prototype_description' returned '0': CMAKE_PREFIX_PATH=/opt/ros/humble /usr/bin/cmake --build /home/frantches/ros2-uwaba-prototype/packages/build/uwaba_prototype_description -- -j4 -l4
[1.413s] DEBUG:colcon.colcon_core.event_handler.log_command:Invoking command in '/home/frantches/ros2-uwaba-prototype/packages/build/uwaba_prototype_description': CMAKE_PREFIX_PATH=/opt/ros/humble /usr/bin/cmake --install /home/frantches/ros2-uwaba-prototype/packages/build/uwaba_prototype_description
[1.446s] Level 1:colcon.colcon_core.environment:create_environment_scripts_only(uwaba_prototype_description)
[1.454s] Level 1:colcon.colcon_core.environment:checking '/home/frantches/ros2-uwaba-prototype/packages/install/uwaba_prototype_description' for CMake module files
[1.455s] Level 1:colcon.colcon_core.environment:checking '/home/frantches/ros2-uwaba-prototype/packages/install/uwaba_prototype_description' for CMake config files
[1.457s] Level 1:colcon.colcon_core.shell:create_environment_hook('uwaba_prototype_description', 'cmake_prefix_path')
[1.457s] INFO:colcon.colcon_core.shell:Creating environment hook '/home/frantches/ros2-uwaba-prototype/packages/install/uwaba_prototype_description/share/uwaba_prototype_description/hook/cmake_prefix_path.ps1'
[1.458s] INFO:colcon.colcon_core.shell:Creating environment descriptor '/home/frantches/ros2-uwaba-prototype/packages/install/uwaba_prototype_description/share/uwaba_prototype_description/hook/cmake_prefix_path.dsv'
[1.458s] INFO:colcon.colcon_core.shell:Creating environment hook '/home/frantches/ros2-uwaba-prototype/packages/install/uwaba_prototype_description/share/uwaba_prototype_description/hook/cmake_prefix_path.sh'
[1.459s] Level 1:colcon.colcon_core.environment:checking '/home/frantches/ros2-uwaba-prototype/packages/install/uwaba_prototype_description/bin'
[1.459s] Level 1:colcon.colcon_core.environment:checking '/home/frantches/ros2-uwaba-prototype/packages/install/uwaba_prototype_description/lib/pkgconfig/uwaba_prototype_description.pc'
[1.459s] Level 1:colcon.colcon_core.environment:checking '/home/frantches/ros2-uwaba-prototype/packages/install/uwaba_prototype_description/lib/python3.10/site-packages'
[1.460s] Level 1:colcon.colcon_core.environment:checking '/home/frantches/ros2-uwaba-prototype/packages/install/uwaba_prototype_description/bin'
[1.460s] INFO:colcon.colcon_core.shell:Creating package script '/home/frantches/ros2-uwaba-prototype/packages/install/uwaba_prototype_description/share/uwaba_prototype_description/package.ps1'
[1.470s] DEBUG:colcon.colcon_core.event_handler.log_command:Invoked command in '/home/frantches/ros2-uwaba-prototype/packages/build/uwaba_prototype_description' returned '0': CMAKE_PREFIX_PATH=/opt/ros/humble /usr/bin/cmake --install /home/frantches/ros2-uwaba-prototype/packages/build/uwaba_prototype_description
[1.470s] INFO:colcon.colcon_core.shell:Creating package descriptor '/home/frantches/ros2-uwaba-prototype/packages/install/uwaba_prototype_description/share/uwaba_prototype_description/package.dsv'
[1.471s] INFO:colcon.colcon_core.shell:Creating package script '/home/frantches/ros2-uwaba-prototype/packages/install/uwaba_prototype_description/share/uwaba_prototype_description/package.sh'
[1.472s] INFO:colcon.colcon_core.shell:Creating package script '/home/frantches/ros2-uwaba-prototype/packages/install/uwaba_prototype_description/share/uwaba_prototype_description/package.bash'
[1.485s] INFO:colcon.colcon_core.shell:Creating package script '/home/frantches/ros2-uwaba-prototype/packages/install/uwaba_prototype_description/share/uwaba_prototype_description/package.zsh'
[1.487s] Level 1:colcon.colcon_core.environment:create_file_with_runtime_dependencies(/home/frantches/ros2-uwaba-prototype/packages/install/uwaba_prototype_description/share/colcon-core/packages/uwaba_prototype_description)
[1.564s] Level 1:colcon.colcon_core.environment:create_environment_scripts_only(uwaba_prototype_description)
[1.564s] Level 1:colcon.colcon_core.environment:checking '/home/frantches/ros2-uwaba-prototype/packages/install/uwaba_prototype_description' for CMake module files
[1.565s] Level 1:colcon.colcon_core.environment:checking '/home/frantches/ros2-uwaba-prototype/packages/install/uwaba_prototype_description' for CMake config files
[1.566s] Level 1:colcon.colcon_core.shell:create_environment_hook('uwaba_prototype_description', 'cmake_prefix_path')
[1.567s] INFO:colcon.colcon_core.shell:Creating environment hook '/home/frantches/ros2-uwaba-prototype/packages/install/uwaba_prototype_description/share/uwaba_prototype_description/hook/cmake_prefix_path.ps1'
[1.567s] INFO:colcon.colcon_core.shell:Creating environment descriptor '/home/frantches/ros2-uwaba-prototype/packages/install/uwaba_prototype_description/share/uwaba_prototype_description/hook/cmake_prefix_path.dsv'
[1.568s] INFO:colcon.colcon_core.shell:Creating environment hook '/home/frantches/ros2-uwaba-prototype/packages/install/uwaba_prototype_description/share/uwaba_prototype_description/hook/cmake_prefix_path.sh'
[1.568s] Level 1:colcon.colcon_core.environment:checking '/home/frantches/ros2-uwaba-prototype/packages/install/uwaba_prototype_description/bin'
[1.569s] Level 1:colcon.colcon_core.environment:checking '/home/frantches/ros2-uwaba-prototype/packages/install/uwaba_prototype_description/lib/pkgconfig/uwaba_prototype_description.pc'
[1.577s] Level 1:colcon.colcon_core.environment:checking '/home/frantches/ros2-uwaba-prototype/packages/install/uwaba_prototype_description/lib/python3.10/site-packages'
[1.577s] Level 1:colcon.colcon_core.environment:checking '/home/frantches/ros2-uwaba-prototype/packages/install/uwaba_prototype_description/bin'
[1.578s] INFO:colcon.colcon_core.shell:Creating package script '/home/frantches/ros2-uwaba-prototype/packages/install/uwaba_prototype_description/share/uwaba_prototype_description/package.ps1'
[1.579s] INFO:colcon.colcon_core.shell:Creating package descriptor '/home/frantches/ros2-uwaba-prototype/packages/install/uwaba_prototype_description/share/uwaba_prototype_description/package.dsv'
[1.580s] INFO:colcon.colcon_core.shell:Creating package script '/home/frantches/ros2-uwaba-prototype/packages/install/uwaba_prototype_description/share/uwaba_prototype_description/package.sh'
[1.580s] INFO:colcon.colcon_core.shell:Creating package script '/home/frantches/ros2-uwaba-prototype/packages/install/uwaba_prototype_description/share/uwaba_prototype_description/package.bash'
[1.581s] INFO:colcon.colcon_core.shell:Creating package script '/home/frantches/ros2-uwaba-prototype/packages/install/uwaba_prototype_description/share/uwaba_prototype_description/package.zsh'
[1.582s] Level 1:colcon.colcon_core.environment:create_file_with_runtime_dependencies(/home/frantches/ros2-uwaba-prototype/packages/install/uwaba_prototype_description/share/colcon-core/packages/uwaba_prototype_description)
[2.020s] DEBUG:colcon.colcon_core.event_handler.log_command:Invoking command in '/home/frantches/ros2-uwaba-prototype/packages/src/uwaba_prototype_testes': PYTHONPATH=/home/frantches/ros2-uwaba-prototype/packages/build/uwaba_prototype_testes/prefix_override:/home/frantches/ros2-uwaba-prototype/packages/install/uwaba_prototype_testes/lib/python3.10/site-packages:${PYTHONPATH} /usr/bin/python3 -W ignore:setup.py install is deprecated setup.py egg_info --egg-base ../../build/uwaba_prototype_testes build --build-base /home/frantches/ros2-uwaba-prototype/packages/build/uwaba_prototype_testes/build install --record /home/frantches/ros2-uwaba-prototype/packages/build/uwaba_prototype_testes/install.log --single-version-externally-managed install_data
[2.536s] Level 1:colcon.colcon_core.environment:checking '/home/frantches/ros2-uwaba-prototype/packages/install/uwaba_prototype_testes' for CMake module files
[2.537s] DEBUG:colcon.colcon_core.event_handler.log_command:Invoked command in '/home/frantches/ros2-uwaba-prototype/packages/src/uwaba_prototype_testes' returned '0': PYTHONPATH=/home/frantches/ros2-uwaba-prototype/packages/build/uwaba_prototype_testes/prefix_override:/home/frantches/ros2-uwaba-prototype/packages/install/uwaba_prototype_testes/lib/python3.10/site-packages:${PYTHONPATH} /usr/bin/python3 -W ignore:setup.py install is deprecated setup.py egg_info --egg-base ../../build/uwaba_prototype_testes build --build-base /home/frantches/ros2-uwaba-prototype/packages/build/uwaba_prototype_testes/build install --record /home/frantches/ros2-uwaba-prototype/packages/build/uwaba_prototype_testes/install.log --single-version-externally-managed install_data
[2.538s] Level 1:colcon.colcon_core.environment:checking '/home/frantches/ros2-uwaba-prototype/packages/install/uwaba_prototype_testes' for CMake config files
[2.539s] Level 1:colcon.colcon_core.environment:checking '/home/frantches/ros2-uwaba-prototype/packages/install/uwaba_prototype_testes/lib'
[2.540s] Level 1:colcon.colcon_core.environment:checking '/home/frantches/ros2-uwaba-prototype/packages/install/uwaba_prototype_testes/bin'
[2.540s] Level 1:colcon.colcon_core.environment:checking '/home/frantches/ros2-uwaba-prototype/packages/install/uwaba_prototype_testes/lib/pkgconfig/uwaba_prototype_testes.pc'
[2.540s] Level 1:colcon.colcon_core.environment:checking '/home/frantches/ros2-uwaba-prototype/packages/install/uwaba_prototype_testes/lib/python3.10/site-packages'
[2.540s] Level 1:colcon.colcon_core.shell:create_environment_hook('uwaba_prototype_testes', 'pythonpath')
[2.541s] INFO:colcon.colcon_core.shell:Creating environment hook '/home/frantches/ros2-uwaba-prototype/packages/install/uwaba_prototype_testes/share/uwaba_prototype_testes/hook/pythonpath.ps1'
[2.542s] INFO:colcon.colcon_core.shell:Creating environment descriptor '/home/frantches/ros2-uwaba-prototype/packages/install/uwaba_prototype_testes/share/uwaba_prototype_testes/hook/pythonpath.dsv'
[2.543s] INFO:colcon.colcon_core.shell:Creating environment hook '/home/frantches/ros2-uwaba-prototype/packages/install/uwaba_prototype_testes/share/uwaba_prototype_testes/hook/pythonpath.sh'
[2.545s] Level 1:colcon.colcon_core.environment:checking '/home/frantches/ros2-uwaba-prototype/packages/install/uwaba_prototype_testes/bin'
[2.545s] Level 1:colcon.colcon_core.environment:create_environment_scripts_only(uwaba_prototype_testes)
[2.546s] INFO:colcon.colcon_core.shell:Creating package script '/home/frantches/ros2-uwaba-prototype/packages/install/uwaba_prototype_testes/share/uwaba_prototype_testes/package.ps1'
[2.553s] INFO:colcon.colcon_core.shell:Creating package descriptor '/home/frantches/ros2-uwaba-prototype/packages/install/uwaba_prototype_testes/share/uwaba_prototype_testes/package.dsv'
[2.555s] INFO:colcon.colcon_core.shell:Creating package script '/home/frantches/ros2-uwaba-prototype/packages/install/uwaba_prototype_testes/share/uwaba_prototype_testes/package.sh'
[2.556s] INFO:colcon.colcon_core.shell:Creating package script '/home/frantches/ros2-uwaba-prototype/packages/install/uwaba_prototype_testes/share/uwaba_prototype_testes/package.bash'
[2.557s] INFO:colcon.colcon_core.shell:Creating package script '/home/frantches/ros2-uwaba-prototype/packages/install/uwaba_prototype_testes/share/uwaba_prototype_testes/package.zsh'
[2.558s] Level 1:colcon.colcon_core.environment:create_file_with_runtime_dependencies(/home/frantches/ros2-uwaba-prototype/packages/install/uwaba_prototype_testes/share/colcon-core/packages/uwaba_prototype_testes)
[2.560s] DEBUG:colcon.colcon_parallel_executor.executor.parallel:closing loop
[2.561s] DEBUG:colcon.colcon_parallel_executor.executor.parallel:loop closed
[2.561s] DEBUG:colcon.colcon_parallel_executor.executor.parallel:run_until_complete finished with '0'
[2.561s] DEBUG:colcon.colcon_core.event_reactor:joining thread
[2.571s] INFO:colcon.colcon_core.plugin_system:Skipping extension 'colcon_notification.desktop_notification.terminal_notifier': Not used on non-Darwin systems
[2.572s] INFO:colcon.colcon_core.plugin_system:Skipping extension 'colcon_notification.desktop_notification.win32': Not used on non-Windows systems
[2.572s] INFO:colcon.colcon_notification.desktop_notification:Sending desktop notification using 'notify2'
[2.602s] DEBUG:colcon.colcon_core.event_reactor:joined thread
[2.602s] INFO:colcon.colcon_core.shell:Creating prefix script '/home/frantches/ros2-uwaba-prototype/packages/install/local_setup.ps1'
[2.604s] INFO:colcon.colcon_core.shell:Creating prefix util module '/home/frantches/ros2-uwaba-prototype/packages/install/_local_setup_util_ps1.py'
[2.607s] INFO:colcon.colcon_core.shell:Creating prefix chain script '/home/frantches/ros2-uwaba-prototype/packages/install/setup.ps1'
[2.609s] INFO:colcon.colcon_core.shell:Creating prefix script '/home/frantches/ros2-uwaba-prototype/packages/install/local_setup.sh'
[2.612s] INFO:colcon.colcon_core.shell:Creating prefix util module '/home/frantches/ros2-uwaba-prototype/packages/install/_local_setup_util_sh.py'
[2.614s] INFO:colcon.colcon_core.shell:Creating prefix chain script '/home/frantches/ros2-uwaba-prototype/packages/install/setup.sh'
[2.615s] INFO:colcon.colcon_core.shell:Creating prefix script '/home/frantches/ros2-uwaba-prototype/packages/install/local_setup.bash'
[2.621s] INFO:colcon.colcon_core.shell:Creating prefix chain script '/home/frantches/ros2-uwaba-prototype/packages/install/setup.bash'
[2.624s] INFO:colcon.colcon_core.shell:Creating prefix script '/home/frantches/ros2-uwaba-prototype/packages/install/local_setup.zsh'
[2.625s] INFO:colcon.colcon_core.shell:Creating prefix chain script '/home/frantches/ros2-uwaba-prototype/packages/install/setup.zsh'
